Archive member included to satisfy reference by file (symbol)

/usr/lib/gcc/arm-none-eabi/10.3.1/thumb/v6-m/nofp/libgcc.a(_dvmd_tls.o)
                              CMakeFiles/hid_composite.dir/home/tarek/pico-sdk/src/rp2_common/pico_divider/divider_hardware.S.o (__aeabi_idiv0)
/usr/lib/gcc/arm-none-eabi/10.3.1/../../../arm-none-eabi/lib/thumb/v6-m/nofp/libg.a(lib_a-atexit.o)
                              /usr/lib/gcc/arm-none-eabi/10.3.1/../../../arm-none-eabi/lib/thumb/v6-m/nofp/crt0.o (atexit)
/usr/lib/gcc/arm-none-eabi/10.3.1/../../../arm-none-eabi/lib/thumb/v6-m/nofp/libg.a(lib_a-calloc.o)
                              CMakeFiles/hid_composite.dir/home/tarek/pico-sdk/src/rp2_common/pico_malloc/malloc.c.o (calloc)
/usr/lib/gcc/arm-none-eabi/10.3.1/../../../arm-none-eabi/lib/thumb/v6-m/nofp/libg.a(lib_a-callocr.o)
                              /usr/lib/gcc/arm-none-eabi/10.3.1/../../../arm-none-eabi/lib/thumb/v6-m/nofp/libg.a(lib_a-calloc.o) (_calloc_r)
/usr/lib/gcc/arm-none-eabi/10.3.1/../../../arm-none-eabi/lib/thumb/v6-m/nofp/libg.a(lib_a-fini.o)
                              /usr/lib/gcc/arm-none-eabi/10.3.1/../../../arm-none-eabi/lib/thumb/v6-m/nofp/crt0.o (__libc_fini_array)
/usr/lib/gcc/arm-none-eabi/10.3.1/../../../arm-none-eabi/lib/thumb/v6-m/nofp/libg.a(lib_a-impure.o)
                              /usr/lib/gcc/arm-none-eabi/10.3.1/../../../arm-none-eabi/lib/thumb/v6-m/nofp/libg.a(lib_a-calloc.o) (_impure_ptr)
/usr/lib/gcc/arm-none-eabi/10.3.1/../../../arm-none-eabi/lib/thumb/v6-m/nofp/libg.a(lib_a-init.o)
                              /usr/lib/gcc/arm-none-eabi/10.3.1/../../../arm-none-eabi/lib/thumb/v6-m/nofp/crt0.o (__libc_init_array)
/usr/lib/gcc/arm-none-eabi/10.3.1/../../../arm-none-eabi/lib/thumb/v6-m/nofp/libg.a(lib_a-lcltime_r.o)
                              CMakeFiles/hid_composite.dir/home/tarek/pico-sdk/src/common/pico_util/datetime.c.o (localtime_r)
/usr/lib/gcc/arm-none-eabi/10.3.1/../../../arm-none-eabi/lib/thumb/v6-m/nofp/libg.a(lib_a-malloc.o)
                              CMakeFiles/hid_composite.dir/home/tarek/pico-sdk/src/rp2_common/pico_malloc/malloc.c.o (malloc)
/usr/lib/gcc/arm-none-eabi/10.3.1/../../../arm-none-eabi/lib/thumb/v6-m/nofp/libg.a(lib_a-mallocr.o)
                              /usr/lib/gcc/arm-none-eabi/10.3.1/../../../arm-none-eabi/lib/thumb/v6-m/nofp/libg.a(lib_a-callocr.o) (_malloc_r)
/usr/lib/gcc/arm-none-eabi/10.3.1/../../../arm-none-eabi/lib/thumb/v6-m/nofp/libg.a(lib_a-memcmp.o)
                              CMakeFiles/hid_composite.dir/home/tarek/pico-sdk/src/rp2_common/pico_atomic/atomic.c.o (memcmp)
/usr/lib/gcc/arm-none-eabi/10.3.1/../../../arm-none-eabi/lib/thumb/v6-m/nofp/libg.a(lib_a-mktime.o)
                              CMakeFiles/hid_composite.dir/home/tarek/pico-sdk/src/common/pico_util/datetime.c.o (mktime)
/usr/lib/gcc/arm-none-eabi/10.3.1/../../../arm-none-eabi/lib/thumb/v6-m/nofp/libg.a(lib_a-mlock.o)
                              /usr/lib/gcc/arm-none-eabi/10.3.1/../../../arm-none-eabi/lib/thumb/v6-m/nofp/libg.a(lib_a-mallocr.o) (__malloc_lock)
/usr/lib/gcc/arm-none-eabi/10.3.1/../../../arm-none-eabi/lib/thumb/v6-m/nofp/libg.a(lib_a-month_lengths.o)
                              /usr/lib/gcc/arm-none-eabi/10.3.1/../../../arm-none-eabi/lib/thumb/v6-m/nofp/libg.a(lib_a-lcltime_r.o) (__month_lengths)
/usr/lib/gcc/arm-none-eabi/10.3.1/../../../arm-none-eabi/lib/thumb/v6-m/nofp/libg.a(lib_a-realloc.o)
                              CMakeFiles/hid_composite.dir/home/tarek/pico-sdk/src/rp2_common/pico_malloc/malloc.c.o (realloc)
/usr/lib/gcc/arm-none-eabi/10.3.1/../../../arm-none-eabi/lib/thumb/v6-m/nofp/libg.a(lib_a-reallocr.o)
                              /usr/lib/gcc/arm-none-eabi/10.3.1/../../../arm-none-eabi/lib/thumb/v6-m/nofp/libg.a(lib_a-realloc.o) (_realloc_r)
/usr/lib/gcc/arm-none-eabi/10.3.1/../../../arm-none-eabi/lib/thumb/v6-m/nofp/libg.a(lib_a-sbrkr.o)
                              /usr/lib/gcc/arm-none-eabi/10.3.1/../../../arm-none-eabi/lib/thumb/v6-m/nofp/libg.a(lib_a-mallocr.o) (_sbrk_r)
/usr/lib/gcc/arm-none-eabi/10.3.1/../../../arm-none-eabi/lib/thumb/v6-m/nofp/libg.a(lib_a-strlen-stub.o)
                              CMakeFiles/hid_composite.dir/src/usb_descriptors.c.o (strlen)
/usr/lib/gcc/arm-none-eabi/10.3.1/../../../arm-none-eabi/lib/thumb/v6-m/nofp/libg.a(lib_a-tzcalc_limits.o)
                              /usr/lib/gcc/arm-none-eabi/10.3.1/../../../arm-none-eabi/lib/thumb/v6-m/nofp/libg.a(lib_a-lcltime_r.o) (__tzcalc_limits)
/usr/lib/gcc/arm-none-eabi/10.3.1/../../../arm-none-eabi/lib/thumb/v6-m/nofp/libg.a(lib_a-tzlock.o)
                              /usr/lib/gcc/arm-none-eabi/10.3.1/../../../arm-none-eabi/lib/thumb/v6-m/nofp/libg.a(lib_a-lcltime_r.o) (__tz_lock)
/usr/lib/gcc/arm-none-eabi/10.3.1/../../../arm-none-eabi/lib/thumb/v6-m/nofp/libg.a(lib_a-tzset.o)
                              /usr/lib/gcc/arm-none-eabi/10.3.1/../../../arm-none-eabi/lib/thumb/v6-m/nofp/libg.a(lib_a-lcltime_r.o) (_tzset_unlocked)
[...]
Memory Configuration

Name             Origin             Length             Attributes
FLASH            0x0000000010000000 0x0000000000200000 xr
RAM              0x0000000020000000 0x0000000000040000 xrw
SCRATCH_X        0x0000000020040000 0x0000000000001000 xrw
SCRATCH_Y        0x0000000020041000 0x0000000000001000 xrw
*default*        0x0000000000000000 0xffffffffffffffff

Linker script and memory map

LOAD /usr/lib/gcc/arm-none-eabi/10.3.1/thumb/v6-m/nofp/crti.o
LOAD /usr/lib/gcc/arm-none-eabi/10.3.1/thumb/v6-m/nofp/crtbegin.o
LOAD /usr/lib/gcc/arm-none-eabi/10.3.1/../../../arm-none-eabi/lib/thumb/v6-m/nofp/crt0.o

.flash_begin    0x0000000010000000        0x0
                0x0000000010000000                __flash_binary_start = .

.boot2          0x0000000010000000      0x100
                0x0000000010000000                __boot2_start__ = .
 *(.boot2)
 .boot2         0x0000000010000000      0x100 pico-sdk/src/rp2040/boot_stage2/CMakeFiles/bs2_default_library.dir/bs2_default_padded_checksummed.S.o
                0x0000000010000100                __boot2_end__ = .
                0x0000000000000001                ASSERT (((__boot2_end__ - __boot2_start__) == 0x100), ERROR: Pico second stage bootloader must be 256 bytes in size)

.text           0x0000000010000100     0x5dcc
                0x0000000010000100                __logical_binary_start = .
 *(.vectors)
 .vectors       0x0000000010000100       0xd4 CMakeFiles/hid_composite.dir/home/tarek/pico-sdk/src/rp2_common/pico_crt0/crt0.S.o
                0x0000000010000100                __vectors
                0x0000000010000100                __VECTOR_TABLE
                0x00000000100001c0                isr_invalid
                0x00000000100001c0                __default_isrs_start
                0x00000000100001c2                isr_nmi
                0x00000000100001c4                isr_hardfault
                0x00000000100001c6                isr_svcall
                0x00000000100001c8                isr_pendsv
                0x00000000100001ca                isr_systick
                0x00000000100001cc                isr_irq30
                0x00000000100001cc                __unhandled_user_irq
                0x00000000100001cc                isr_irq13
                0x00000000100001cc                isr_irq27
                0x00000000100001cc                isr_irq31
                0x00000000100001cc                isr_irq5
                0x00000000100001cc                isr_irq11
                0x00000000100001cc                isr_irq23
                0x00000000100001cc                isr_irq18
                0x00000000100001cc                isr_irq28
                0x00000000100001cc                isr_irq19
                0x00000000100001cc                isr_irq0
                0x00000000100001cc                isr_irq6
                0x00000000100001cc                isr_irq22
                0x00000000100001cc                isr_irq17
                0x00000000100001cc                isr_irq14
                0x00000000100001cc                isr_irq2
                0x00000000100001cc                isr_irq10
                0x00000000100001cc                isr_irq8
                0x00000000100001cc                isr_irq24
                0x00000000100001cc                isr_irq1
                0x00000000100001cc                isr_irq7
                0x00000000100001cc                isr_irq21
                0x00000000100001cc                isr_irq20
                0x00000000100001cc                isr_irq15
                0x00000000100001cc                isr_irq25
                0x00000000100001cc                isr_irq4
                0x00000000100001cc                isr_irq16
                0x00000000100001cc                isr_irq29
                0x00000000100001cc                isr_irq26
                0x00000000100001cc                __default_isrs_end
                0x00000000100001cc                isr_irq3
                0x00000000100001cc                isr_irq12
                0x00000000100001cc                isr_irq9
                0x00000000100001d2                unhandled_user_irq_num_in_r0
 *(.binary_info_header)
 .binary_info_header
                0x00000000100001d4       0x14 CMakeFiles/hid_composite.dir/home/tarek/pico-sdk/src/rp2_common/pico_crt0/crt0.S.o
                0x00000000100001e8                __binary_info_header_end = .
 *(.embedded_block)
                0x00000000100001e8                __embedded_block_end = .
 *(.reset)
 .reset         0x00000000100001e8       0x9c CMakeFiles/hid_composite.dir/home/tarek/pico-sdk/src/rp2_common/pico_crt0/crt0.S.o
                0x00000000100001e8                _entry_point
 *(.init)
 .init          0x0000000010000284        0x4 /usr/lib/gcc/arm-none-eabi/10.3.1/thumb/v6-m/nofp/crti.o
                0x0000000010000284                _init
 *(EXCLUDE_FILE(*libm.a: *libc.a:*lib_a-mem*.o *libgcc.a:) .text*)
 .text          0x0000000010000288       0x98 /usr/lib/gcc/arm-none-eabi/10.3.1/thumb/v6-m/nofp/crtbegin.o
 .text.send_string
                0x0000000010000320      0x1fc CMakeFiles/hid_composite.dir/src/main.c.o
                0x0000000010000320                send_string
 .text.startup.main
                0x000000001000051c      0x21c CMakeFiles/hid_composite.dir/src/main.c.o
                0x000000001000051c                main
 .text.tud_mount_cb
                0x0000000010000738       0x10 CMakeFiles/hid_composite.dir/src/main.c.o
                0x0000000010000738                tud_mount_cb
 .text.tud_umount_cb
                0x0000000010000748        0xc CMakeFiles/hid_composite.dir/src/main.c.o
                0x0000000010000748                tud_umount_cb
 .text.tud_suspend_cb
                0x0000000010000754       0x10 CMakeFiles/hid_composite.dir/src/main.c.o
                0x0000000010000754                tud_suspend_cb
 .text.tud_resume_cb
                0x0000000010000764       0x20 CMakeFiles/hid_composite.dir/src/main.c.o
                0x0000000010000764                tud_resume_cb
 .text.tud_hid_report_complete_cb
                0x0000000010000784        0x4 CMakeFiles/hid_composite.dir/src/main.c.o
                0x0000000010000784                tud_hid_report_complete_cb
 .text.tud_hid_get_report_cb
                0x0000000010000788        0x4 CMakeFiles/hid_composite.dir/src/main.c.o
                0x0000000010000788                tud_hid_get_report_cb
 .text.tud_hid_set_report_cb
                0x000000001000078c       0x3c CMakeFiles/hid_composite.dir/src/main.c.o
                0x000000001000078c                tud_hid_set_report_cb
 .text.tud_descriptor_device_cb
                0x00000000100007c8        0x8 CMakeFiles/hid_composite.dir/src/usb_descriptors.c.o
                0x00000000100007c8                tud_descriptor_device_cb
 .text.tud_hid_descriptor_report_cb
                0x00000000100007d0        0x8 CMakeFiles/hid_composite.dir/src/usb_descriptors.c.o
                0x00000000100007d0                tud_hid_descriptor_report_cb
 .text.tud_descriptor_configuration_cb
                0x00000000100007d8        0x8 CMakeFiles/hid_composite.dir/src/usb_descriptors.c.o
                0x00000000100007d8                tud_descriptor_configuration_cb
 .text.tud_descriptor_string_cb
                0x00000000100007e0      0x150 CMakeFiles/hid_composite.dir/src/usb_descriptors.c.o
                0x00000000100007e0                tud_descriptor_string_cb
 .text.gpio_set_function
                0x0000000010000930       0x34 CMakeFiles/hid_composite.dir/home/tarek/pico-sdk/src/rp2_common/hardware_gpio/gpio.c.o
                0x0000000010000930                gpio_set_function
 .text.gpio_init
                0x0000000010000964       0x40 CMakeFiles/hid_composite.dir/home/tarek/pico-sdk/src/rp2_common/hardware_gpio/gpio.c.o
                0x0000000010000964                gpio_init
 .text.rp2040_chip_version
                0x00000000100009a4        0xc CMakeFiles/hid_composite.dir/home/tarek/pico-sdk/src/rp2040/pico_platform/platform.c.o
                0x00000000100009a4                rp2040_chip_version
 .text.panic    0x00000000100009b0       0x30 CMakeFiles/hid_composite.dir/home/tarek/pico-sdk/src/rp2_common/pico_platform_panic/panic.c.o
                0x00000000100009b0                panic
 .text.hw_claim_or_assert
                0x00000000100009e0       0x44 CMakeFiles/hid_composite.dir/home/tarek/pico-sdk/src/common/hardware_claim/claim.c.o
                0x00000000100009e0                hw_claim_or_assert
 .text.hw_claim_unused_from_range
                0x0000000010000a24       0x9c CMakeFiles/hid_composite.dir/home/tarek/pico-sdk/src/common/hardware_claim/claim.c.o
                0x0000000010000a24                hw_claim_unused_from_range
 .text.next_striped_spin_lock_num
                0x0000000010000ac0       0x18 CMakeFiles/hid_composite.dir/home/tarek/pico-sdk/src/rp2_common/hardware_sync/sync.c.o
                0x0000000010000ac0                next_striped_spin_lock_num
 .text.spin_lock_claim_unused
                0x0000000010000ad8       0x20 CMakeFiles/hid_composite.dir/home/tarek/pico-sdk/src/rp2_common/hardware_sync/sync.c.o
                0x0000000010000ad8                spin_lock_claim_unused
 .text.spin_locks_reset
                0x0000000010000af8       0x1c CMakeFiles/hid_composite.dir/home/tarek/pico-sdk/src/rp2_common/hardware_sync_spin_lock/sync_spin_lock.c.o
                0x0000000010000af8                spin_locks_reset
 .text.runtime_init_per_core_irq_priorities
                0x0000000010000b14       0x24 CMakeFiles/hid_composite.dir/home/tarek/pico-sdk/src/rp2_common/hardware_irq/irq.c.o
                0x0000000010000b14                runtime_init_per_core_irq_priorities
 .text.irq_set_enabled
                0x0000000010000b38       0x24 CMakeFiles/hid_composite.dir/home/tarek/pico-sdk/src/rp2_common/hardware_irq/irq.c.o
                0x0000000010000b38                irq_set_enabled
 .text.irq_set_exclusive_handler
                0x0000000010000b5c       0x54 CMakeFiles/hid_composite.dir/home/tarek/pico-sdk/src/rp2_common/hardware_irq/irq.c.o
                0x0000000010000b5c                irq_set_exclusive_handler
 .text.irq_add_shared_handler
                0x0000000010000bb0      0x1e8 CMakeFiles/hid_composite.dir/home/tarek/pico-sdk/src/rp2_common/hardware_irq/irq.c.o
                0x0000000010000bb0                irq_add_shared_handler
 .text.irq_remove_handler
                0x0000000010000d98      0x1c4 CMakeFiles/hid_composite.dir/home/tarek/pico-sdk/src/rp2_common/hardware_irq/irq.c.o
                0x0000000010000d98                irq_remove_handler
 .text.irq_add_tail_to_free_list
                0x0000000010000f5c       0xb4 CMakeFiles/hid_composite.dir/home/tarek/pico-sdk/src/rp2_common/hardware_irq/irq.c.o
                0x0000000010000f5c                irq_add_tail_to_free_list
 .text.lock_init
                0x0000000010001010       0x10 CMakeFiles/hid_composite.dir/home/tarek/pico-sdk/src/common/pico_sync/lock_core.c.o
                0x0000000010001010                lock_init
 .text.runtime_init_mutex
                0x0000000010001020       0x58 CMakeFiles/hid_composite.dir/home/tarek/pico-sdk/src/common/pico_sync/mutex.c.o
                0x0000000010001020                runtime_init_mutex
 .text.mutex_init
                0x0000000010001078       0x1c CMakeFiles/hid_composite.dir/home/tarek/pico-sdk/src/common/pico_sync/mutex.c.o
                0x0000000010001078                mutex_init
 .text.critical_section_init
                0x0000000010001094       0x20 CMakeFiles/hid_composite.dir/home/tarek/pico-sdk/src/common/pico_sync/critical_section.c.o
                0x0000000010001094                critical_section_init
 .text.sleep_until_callback
                0x00000000100010b4       0x30 CMakeFiles/hid_composite.dir/home/tarek/pico-sdk/src/common/pico_time/time.c.o
 .text.alarm_pool_irq_handler
                0x00000000100010e4      0x308 CMakeFiles/hid_composite.dir/home/tarek/pico-sdk/src/common/pico_time/time.c.o
 .text.runtime_init_default_alarm_pool
                0x00000000100013ec       0xdc CMakeFiles/hid_composite.dir/home/tarek/pico-sdk/src/common/pico_time/time.c.o
                0x00000000100013ec                runtime_init_default_alarm_pool
 .text.alarm_pool_add_alarm_at_force_in_context
                0x00000000100014c8       0xb0 CMakeFiles/hid_composite.dir/home/tarek/pico-sdk/src/common/pico_time/time.c.o
                0x00000000100014c8                alarm_pool_add_alarm_at_force_in_context
 .text.alarm_pool_cancel_alarm
                0x0000000010001578       0x7c CMakeFiles/hid_composite.dir/home/tarek/pico-sdk/src/common/pico_time/time.c.o
                0x0000000010001578                alarm_pool_cancel_alarm
 .text.best_effort_wfe_or_timeout
                0x00000000100015f4       0xfc CMakeFiles/hid_composite.dir/home/tarek/pico-sdk/src/common/pico_time/time.c.o
                0x00000000100015f4                best_effort_wfe_or_timeout
 .text.timer_hardware_alarm_claim
                0x00000000100016f0       0x14 CMakeFiles/hid_composite.dir/home/tarek/pico-sdk/src/rp2_common/hardware_timer/timer.c.o
                0x00000000100016f0                timer_hardware_alarm_claim
 .text.timer_time_us_64
                0x0000000010001704       0x10 CMakeFiles/hid_composite.dir/home/tarek/pico-sdk/src/rp2_common/hardware_timer/timer.c.o
                0x0000000010001704                timer_time_us_64
 .text.time_us_64
                0x0000000010001714       0x14 CMakeFiles/hid_composite.dir/home/tarek/pico-sdk/src/rp2_common/hardware_timer/timer.c.o
                0x0000000010001714                time_us_64
 .text.busy_wait_us
                0x0000000010001728       0x54 CMakeFiles/hid_composite.dir/home/tarek/pico-sdk/src/rp2_common/hardware_timer/timer.c.o
                0x0000000010001728                busy_wait_us
 .text.uart_init
                0x000000001000177c      0x11c CMakeFiles/hid_composite.dir/home/tarek/pico-sdk/src/rp2_common/hardware_uart/uart.c.o
                0x000000001000177c                uart_init
 .text.clock_configure_int_divider
                0x0000000010001898       0xf4 CMakeFiles/hid_composite.dir/home/tarek/pico-sdk/src/rp2_common/hardware_clocks/clocks.c.o
                0x0000000010001898                clock_configure_int_divider
 .text.clock_configure_undivided
                0x000000001000198c       0xe8 CMakeFiles/hid_composite.dir/home/tarek/pico-sdk/src/rp2_common/hardware_clocks/clocks.c.o
                0x000000001000198c                clock_configure_undivided
 .text.clock_get_hz
                0x0000000010001a74        0xc CMakeFiles/hid_composite.dir/home/tarek/pico-sdk/src/rp2_common/hardware_clocks/clocks.c.o
                0x0000000010001a74                clock_get_hz
 .text.pll_init
                0x0000000010001a80       0xa0 CMakeFiles/hid_composite.dir/home/tarek/pico-sdk/src/rp2_common/hardware_pll/pll.c.o
                0x0000000010001a80                pll_init
 .text.tick_start
                0x0000000010001b20       0x10 CMakeFiles/hid_composite.dir/home/tarek/pico-sdk/src/rp2_common/hardware_ticks/ticks.c.o
                0x0000000010001b20                tick_start
 .text.rom_func_lookup
                0x0000000010001b30       0x10 CMakeFiles/hid_composite.dir/home/tarek/pico-sdk/src/rp2_common/pico_bootrom/bootrom.c.o
                0x0000000010001b30                rom_func_lookup
 .text.rom_data_lookup
                0x0000000010001b40       0x10 CMakeFiles/hid_composite.dir/home/tarek/pico-sdk/src/rp2_common/pico_bootrom/bootrom.c.o
                0x0000000010001b40                rom_data_lookup
 .text.rom_funcs_lookup
                0x0000000010001b50       0x44 CMakeFiles/hid_composite.dir/home/tarek/pico-sdk/src/rp2_common/pico_bootrom/bootrom.c.o
                0x0000000010001b50                rom_funcs_lookup
 .text.xosc_init
                0x0000000010001b94       0x28 CMakeFiles/hid_composite.dir/home/tarek/pico-sdk/src/rp2_common/hardware_xosc/xosc.c.o
                0x0000000010001b94                xosc_init
 .text.first_per_core_initializer
                0x0000000010001bbc        0x4 CMakeFiles/hid_composite.dir/home/tarek/pico-sdk/src/rp2_common/pico_runtime/runtime.c.o
 .text.hard_assertion_failure
                0x0000000010001bc0        0xc CMakeFiles/hid_composite.dir/home/tarek/pico-sdk/src/rp2_common/pico_runtime/runtime.c.o
                0x0000000010001bc0                hard_assertion_failure
 .text.runtime_run_initializers
                0x0000000010001bcc       0x28 CMakeFiles/hid_composite.dir/home/tarek/pico-sdk/src/rp2_common/pico_runtime/runtime.c.o
                0x0000000010001bcc                runtime_run_initializers
 .text.runtime_init_early_resets
                0x0000000010001bf4       0x2c CMakeFiles/hid_composite.dir/home/tarek/pico-sdk/src/rp2_common/pico_runtime_init/runtime_init.c.o
                0x0000000010001bf4                runtime_init_early_resets
 .text.runtime_init_usb_power_down
                0x0000000010001c20       0x1c CMakeFiles/hid_composite.dir/home/tarek/pico-sdk/src/rp2_common/pico_runtime_init/runtime_init.c.o
                0x0000000010001c20                runtime_init_usb_power_down
 .text.runtime_init_post_clock_resets
                0x0000000010001c3c       0x20 CMakeFiles/hid_composite.dir/home/tarek/pico-sdk/src/rp2_common/pico_runtime_init/runtime_init.c.o
                0x0000000010001c3c                runtime_init_post_clock_resets
 .text.runtime_init_rp2040_gpio_ie_disable
                0x0000000010001c5c       0x14 CMakeFiles/hid_composite.dir/home/tarek/pico-sdk/src/rp2_common/pico_runtime_init/runtime_init.c.o
                0x0000000010001c5c                runtime_init_rp2040_gpio_ie_disable
 .text.runtime_init_spin_locks_reset
                0x0000000010001c70        0x8 CMakeFiles/hid_composite.dir/home/tarek/pico-sdk/src/rp2_common/pico_runtime_init/runtime_init.c.o
                0x0000000010001c70                runtime_init_spin_locks_reset
 .text.runtime_init_install_ram_vector_table
                0x0000000010001c78       0x1c CMakeFiles/hid_composite.dir/home/tarek/pico-sdk/src/rp2_common/pico_runtime_init/runtime_init.c.o
                0x0000000010001c78                runtime_init_install_ram_vector_table
 .text.runtime_init_clocks
                0x0000000010001c94       0xd8 CMakeFiles/hid_composite.dir/home/tarek/pico-sdk/src/rp2_common/pico_runtime_init/runtime_init_clocks.c.o
                0x0000000010001c94                runtime_init_clocks
 .text          0x0000000010001d6c       0x10 CMakeFiles/hid_composite.dir/home/tarek/pico-sdk/src/rp2_common/pico_bit_ops/bit_ops_aeabi.S.o
 .text.__wrap___aeabi_idiv
                0x0000000010001d7c       0x50 CMakeFiles/hid_composite.dir/home/tarek/pico-sdk/src/rp2_common/pico_divider/divider_hardware.S.o
                0x0000000010001d7c                __wrap___aeabi_idivmod
                0x0000000010001d7c                divmod_s32s32
                0x0000000010001d7c                div_s32s32
                0x0000000010001d7c                __wrap___aeabi_idiv
                0x0000000010001d84                divmod_s32s32_unsafe
                0x0000000010001db0                divmod_s32s32_savestate
 .text.__wrap___aeabi_uidiv
                0x0000000010001dcc       0x4c CMakeFiles/hid_composite.dir/home/tarek/pico-sdk/src/rp2_common/pico_divider/divider_hardware.S.o
                0x0000000010001dcc                __wrap___aeabi_uidiv
                0x0000000010001dcc                __wrap___aeabi_uidivmod
                0x0000000010001dcc                div_u32u32
                0x0000000010001dcc                divmod_u32u32
                0x0000000010001dd4                divmod_u32u32_unsafe
                0x0000000010001dfc                divmod_u32u32_savestate
 .text.__wrap___aeabi_ldiv
                0x0000000010001e18      0x424 CMakeFiles/hid_composite.dir/home/tarek/pico-sdk/src/rp2_common/pico_divider/divider_hardware.S.o
                0x0000000010001e18                div_s64s64
                0x0000000010001e18                divmod_s64s64
                0x0000000010001e18                __wrap___aeabi_ldivmod
                0x0000000010001e48                div_u64u64
                0x0000000010001e48                divmod_u64u64
                0x0000000010001e48                __wrap___aeabi_uldivmod
                0x0000000010001e58                divmod_u64u64_savestate
                0x0000000010001e78                divmod_s64s64_unsafe
                0x0000000010001f00                divmod_u64u64_unsafe
 .text.__wrap___aeabi_darithmetic
                0x000000001000223c       0x80 CMakeFiles/hid_composite.dir/home/tarek/pico-sdk/src/rp2_common/pico_double/double_aeabi_rp2040.S.o
                0x000000001000223c                __wrap___aeabi_drsub
                0x0000000010002242                __wrap___aeabi_dsub
                0x0000000010002254                __wrap___aeabi_dadd
                0x0000000010002266                __wrap___aeabi_ddiv
                0x00000000100022a2                __wrap___aeabi_dmul
 .text.__wrap___aeabi_cdcmple
                0x00000000100022bc       0x6c CMakeFiles/hid_composite.dir/home/tarek/pico-sdk/src/rp2_common/pico_double/double_aeabi_rp2040.S.o
                0x00000000100022bc                __wrap___aeabi_cdrcmple
                0x00000000100022cc                __wrap___aeabi_cdcmple
                0x00000000100022cc                __wrap___aeabi_cdcmpeq
 .text.__wrap___aeabi_dcmplt
                0x0000000010002328        0xc CMakeFiles/hid_composite.dir/home/tarek/pico-sdk/src/rp2_common/pico_double/double_aeabi_rp2040.S.o
                0x0000000010002328                __wrap___aeabi_dcmplt
 .text.__wrap___aeabi_dcmple
                0x0000000010002334       0x10 CMakeFiles/hid_composite.dir/home/tarek/pico-sdk/src/rp2_common/pico_double/double_aeabi_rp2040.S.o
                0x0000000010002334                __wrap___aeabi_dcmple
 .text.__wrap___aeabi_dcmpge
                0x0000000010002344       0x10 CMakeFiles/hid_composite.dir/home/tarek/pico-sdk/src/rp2_common/pico_double/double_aeabi_rp2040.S.o
                0x0000000010002344                __wrap___aeabi_dcmpge
 .text.__wrap___aeabi_dcmpgt
                0x0000000010002354        0xa CMakeFiles/hid_composite.dir/home/tarek/pico-sdk/src/rp2_common/pico_double/double_aeabi_rp2040.S.o
                0x0000000010002354                __wrap___aeabi_dcmpgt
 .text.__wrap___aeabi_dcmpun
                0x000000001000235e       0x18 CMakeFiles/hid_composite.dir/home/tarek/pico-sdk/src/rp2_common/pico_double/double_aeabi_rp2040.S.o
                0x000000001000235e                __wrap___aeabi_dcmpun
 *fill*         0x0000000010002376        0x2 
 .text.__wrap___aeabi_i2d
                0x0000000010002378       0x38 CMakeFiles/hid_composite.dir/home/tarek/pico-sdk/src/rp2_common/pico_double/double_aeabi_rp2040.S.o
                0x0000000010002378                __wrap___aeabi_ui2d
                0x0000000010002378                uint2double
                0x0000000010002380                __wrap___aeabi_i2d
                0x0000000010002380                int2double
 .text.__wrap___aeabi_d2iz
                0x00000000100023b0       0x48 CMakeFiles/hid_composite.dir/home/tarek/pico-sdk/src/rp2_common/pico_double/double_aeabi_rp2040.S.o
                0x00000000100023b0                __wrap___aeabi_d2iz
                0x00000000100023b0                double2int_z
 .text.__wrap___aeabi_d2uiz
                0x00000000100023f8       0x18 CMakeFiles/hid_composite.dir/home/tarek/pico-sdk/src/rp2_common/pico_double/double_aeabi_rp2040.S.o
                0x00000000100023f8                double2uint_z
                0x00000000100023f8                double2uint
                0x00000000100023f8                __wrap___aeabi_d2uiz
 .text.__aeabi_double_init
                0x0000000010002410       0xa0 CMakeFiles/hid_composite.dir/home/tarek/pico-sdk/src/rp2_common/pico_double/double_init_rom_rp2040.c.o
                0x0000000010002410                __aeabi_double_init
 .text.double_table_shim_on_use_helper
                0x00000000100024b0       0x2c CMakeFiles/hid_composite.dir/home/tarek/pico-sdk/src/rp2_common/pico_double/double_v1_rom_shim_rp2040.S.o
                0x00000000100024b0                double_table_shim_on_use_helper
 .text.__wrap___aeabi_dsub
                0x00000000100024dc       0x10 CMakeFiles/hid_composite.dir/home/tarek/pico-sdk/src/rp2_common/pico_double/double_v1_rom_shim_rp2040.S.o
                0x00000000100024dc                drsub_shim
                0x00000000100024e2                dsub_shim
 .text.dadd_shim
                0x00000000100024ec      0x15c CMakeFiles/hid_composite.dir/home/tarek/pico-sdk/src/rp2_common/pico_double/double_v1_rom_shim_rp2040.S.o
                0x00000000100024ec                dadd_shim
 .text.dmul_shim
                0x0000000010002648      0x15c CMakeFiles/hid_composite.dir/home/tarek/pico-sdk/src/rp2_common/pico_double/double_v1_rom_shim_rp2040.S.o
                0x0000000010002648                dmul_shim
 .text.ddiv_shim
                0x00000000100027a4      0x1b0 CMakeFiles/hid_composite.dir/home/tarek/pico-sdk/src/rp2_common/pico_double/double_v1_rom_shim_rp2040.S.o
                0x00000000100027a4                ddiv_shim
 .text.double2uint_shim
                0x0000000010002954        0xe CMakeFiles/hid_composite.dir/home/tarek/pico-sdk/src/rp2_common/pico_double/double_v1_rom_shim_rp2040.S.o
                0x0000000010002954                double2uint_shim
                0x0000000010002956                double2ufix_shim
 *fill*         0x0000000010002962        0x2 
 .text.double2uint64_shim
                0x0000000010002964       0x70 CMakeFiles/hid_composite.dir/home/tarek/pico-sdk/src/rp2_common/pico_double/double_v1_rom_shim_rp2040.S.o
                0x0000000010002964                double2uint64_shim
                0x0000000010002966                double2ufix64_shim
                0x0000000010002986                d2fix_a
 .text.dunpacks
                0x00000000100029d4       0x3c CMakeFiles/hid_composite.dir/home/tarek/pico-sdk/src/rp2_common/pico_double/double_v1_rom_shim_rp2040.S.o
                0x00000000100029d4                dunpacks
 .text.__aeabi_lmul
                0x0000000010002a10       0x32 CMakeFiles/hid_composite.dir/home/tarek/pico-sdk/src/rp2_common/pico_int64_ops/pico_int64_ops_aeabi.S.o
                0x0000000010002a10                __wrap___aeabi_lmul
 *fill*         0x0000000010002a42        0x2 
 .text.__aeabi_float_init
                0x0000000010002a44       0x64 CMakeFiles/hid_composite.dir/home/tarek/pico-sdk/src/rp2_common/pico_float/float_init_rom_rp2040.c.o
                0x0000000010002a44                __aeabi_float_init
 .text.float_table_shim_on_use_helper
                0x0000000010002aa8       0x2c CMakeFiles/hid_composite.dir/home/tarek/pico-sdk/src/rp2_common/pico_float/float_v1_rom_shim_rp2040.S.o
                0x0000000010002aa8                float_table_shim_on_use_helper
 .text          0x0000000010002ad4       0x10 CMakeFiles/hid_composite.dir/home/tarek/pico-sdk/src/rp2_common/pico_mem_ops/mem_ops_aeabi.S.o
                0x0000000010002ad4                __aeabi_mem_init
 .text.memset   0x0000000010002ae4        0xc CMakeFiles/hid_composite.dir/home/tarek/pico-sdk/src/rp2_common/pico_mem_ops/mem_ops_aeabi.S.o
                0x0000000010002ae4                __wrap_memset
 .text.memcpy   0x0000000010002af0        0xc CMakeFiles/hid_composite.dir/home/tarek/pico-sdk/src/rp2_common/pico_mem_ops/mem_ops_aeabi.S.o
                0x0000000010002af0                __wrap___aeabi_memcpy
                0x0000000010002af0                __wrap_memcpy
 .text._out_null
                0x0000000010002afc        0x4 CMakeFiles/hid_composite.dir/home/tarek/pico-sdk/src/rp2_common/pico_printf/printf.c.o
 .text._out_rev
                0x0000000010002b00       0x9c CMakeFiles/hid_composite.dir/home/tarek/pico-sdk/src/rp2_common/pico_printf/printf.c.o
 .text._ntoa_format
                0x0000000010002b9c      0x1cc CMakeFiles/hid_composite.dir/home/tarek/pico-sdk/src/rp2_common/pico_printf/printf.c.o
 .text._out_char
                0x0000000010002d68       0x10 CMakeFiles/hid_composite.dir/home/tarek/pico-sdk/src/rp2_common/pico_printf/printf.c.o
 .text._out_fct
                0x0000000010002d78       0x10 CMakeFiles/hid_composite.dir/home/tarek/pico-sdk/src/rp2_common/pico_printf/printf.c.o
 .text._etoa    0x0000000010002d88      0x44c CMakeFiles/hid_composite.dir/home/tarek/pico-sdk/src/rp2_common/pico_printf/printf.c.o
 .text._ftoa    0x00000000100031d4      0x398 CMakeFiles/hid_composite.dir/home/tarek/pico-sdk/src/rp2_common/pico_printf/printf.c.o
 .text._vsnprintf
                0x000000001000356c      0xb04 CMakeFiles/hid_composite.dir/home/tarek/pico-sdk/src/rp2_common/pico_printf/printf.c.o
 .text.vfctprintf
                0x0000000010004070       0x20 CMakeFiles/hid_composite.dir/home/tarek/pico-sdk/src/rp2_common/pico_printf/printf.c.o
                0x0000000010004070                vfctprintf
 .text.weak_raw_vprintf
                0x0000000010004090       0x30 CMakeFiles/hid_composite.dir/home/tarek/pico-sdk/src/rp2_common/pico_printf/printf.c.o
                0x0000000010004090                weak_raw_vprintf
 .text._exit    0x00000000100040c0        0x4 CMakeFiles/hid_composite.dir/home/tarek/pico-sdk/src/rp2_common/pico_clib_interface/newlib_interface.c.o
                0x00000000100040c0                _exit
 .text.exit     0x00000000100040c4        0x8 CMakeFiles/hid_composite.dir/home/tarek/pico-sdk/src/rp2_common/pico_clib_interface/newlib_interface.c.o
                0x00000000100040c4                exit
 .text.runtime_init
                0x00000000100040cc       0x2c CMakeFiles/hid_composite.dir/home/tarek/pico-sdk/src/rp2_common/pico_clib_interface/newlib_interface.c.o
                0x00000000100040cc                runtime_init
 .text.stdio_out_chars_no_crlf
                0x00000000100040f8       0x10 CMakeFiles/hid_composite.dir/home/tarek/pico-sdk/src/rp2_common/pico_stdio/stdio.c.o
 .text.stdio_out_chars_crlf
                0x0000000010004108       0xb4 CMakeFiles/hid_composite.dir/home/tarek/pico-sdk/src/rp2_common/pico_stdio/stdio.c.o
 .text.stdio_buffered_printer
                0x00000000100041bc       0x64 CMakeFiles/hid_composite.dir/home/tarek/pico-sdk/src/rp2_common/pico_stdio/stdio.c.o
 .text.stdio_put_string
                0x0000000010004220      0x100 CMakeFiles/hid_composite.dir/home/tarek/pico-sdk/src/rp2_common/pico_stdio/stdio.c.o
                0x0000000010004220                stdio_put_string
 .text.stdio_set_driver_enabled
                0x0000000010004320       0x30 CMakeFiles/hid_composite.dir/home/tarek/pico-sdk/src/rp2_common/pico_stdio/stdio.c.o
                0x0000000010004320                stdio_set_driver_enabled
 .text.__wrap_putchar
                0x0000000010004350       0x98 CMakeFiles/hid_composite.dir/home/tarek/pico-sdk/src/rp2_common/pico_stdio/stdio.c.o
                0x0000000010004350                stdio_putchar
                0x0000000010004350                __wrap_putchar
 .text.__wrap_puts
                0x00000000100043e8       0x3c CMakeFiles/hid_composite.dir/home/tarek/pico-sdk/src/rp2_common/pico_stdio/stdio.c.o
                0x00000000100043e8                __wrap_puts
                0x00000000100043e8                stdio_puts
 .text.__wrap_vprintf
                0x0000000010004424       0xd8 CMakeFiles/hid_composite.dir/home/tarek/pico-sdk/src/rp2_common/pico_stdio/stdio.c.o
                0x0000000010004424                __wrap_vprintf
                0x0000000010004424                stdio_vprintf
 .text.__wrap_printf
                0x00000000100044fc       0x18 CMakeFiles/hid_composite.dir/home/tarek/pico-sdk/src/rp2_common/pico_stdio/stdio.c.o
                0x00000000100044fc                stdio_printf
                0x00000000100044fc                __wrap_printf
 .text.stdio_uart_out_chars
                0x0000000010004514       0x4c CMakeFiles/hid_composite.dir/home/tarek/pico-sdk/src/rp2_common/pico_stdio_uart/stdio_uart.c.o
 .text.stdio_uart_in_chars
                0x0000000010004560       0x84 CMakeFiles/hid_composite.dir/home/tarek/pico-sdk/src/rp2_common/pico_stdio_uart/stdio_uart.c.o
                0x0000000010004560                stdio_uart_in_chars
 .text.on_uart_rx
                0x00000000100045e4       0x28 CMakeFiles/hid_composite.dir/home/tarek/pico-sdk/src/rp2_common/pico_stdio_uart/stdio_uart.c.o
 .text.stdio_uart_out_flush
                0x000000001000460c       0x14 CMakeFiles/hid_composite.dir/home/tarek/pico-sdk/src/rp2_common/pico_stdio_uart/stdio_uart.c.o
 .text.stdio_uart_set_chars_available_callback
                0x0000000010004620       0x88 CMakeFiles/hid_composite.dir/home/tarek/pico-sdk/src/rp2_common/pico_stdio_uart/stdio_uart.c.o
 .text.stdio_uart_init_full
                0x00000000100046a8       0x3c CMakeFiles/hid_composite.dir/home/tarek/pico-sdk/src/rp2_common/pico_stdio_uart/stdio_uart.c.o
                0x00000000100046a8                stdio_uart_init_full
 .text.dcd_init
                0x00000000100046e4       0x90 CMakeFiles/hid_composite.dir/home/tarek/pico-sdk/lib/tinyusb/src/portable/raspberrypi/rp2040/dcd_rp2040.c.o
                0x00000000100046e4                dcd_init
 .text.dcd_int_enable
                0x0000000010004774        0xc CMakeFiles/hid_composite.dir/home/tarek/pico-sdk/lib/tinyusb/src/portable/raspberrypi/rp2040/dcd_rp2040.c.o
                0x0000000010004774                dcd_int_enable
 .text.dcd_set_address
                0x0000000010004780       0x14 CMakeFiles/hid_composite.dir/home/tarek/pico-sdk/lib/tinyusb/src/portable/raspberrypi/rp2040/dcd_rp2040.c.o
                0x0000000010004780                dcd_set_address
 .text.dcd_sof_enable
                0x0000000010004794       0x1c CMakeFiles/hid_composite.dir/home/tarek/pico-sdk/lib/tinyusb/src/portable/raspberrypi/rp2040/dcd_rp2040.c.o
                0x0000000010004794                dcd_sof_enable
 .text.dcd_edpt0_status_complete
                0x00000000100047b0       0x1c CMakeFiles/hid_composite.dir/home/tarek/pico-sdk/lib/tinyusb/src/portable/raspberrypi/rp2040/dcd_rp2040.c.o
                0x00000000100047b0                dcd_edpt0_status_complete
 .text.dcd_edpt_open
                0x00000000100047cc      0x114 CMakeFiles/hid_composite.dir/home/tarek/pico-sdk/lib/tinyusb/src/portable/raspberrypi/rp2040/dcd_rp2040.c.o
                0x00000000100047cc                dcd_edpt_open
 .text.dcd_edpt_close_all
                0x00000000100048e0        0x8 CMakeFiles/hid_composite.dir/home/tarek/pico-sdk/lib/tinyusb/src/portable/raspberrypi/rp2040/dcd_rp2040.c.o
                0x00000000100048e0                dcd_edpt_close_all
 .text.dcd_edpt_xfer
                0x00000000100048e8       0x24 CMakeFiles/hid_composite.dir/home/tarek/pico-sdk/lib/tinyusb/src/portable/raspberrypi/rp2040/dcd_rp2040.c.o
                0x00000000100048e8                dcd_edpt_xfer
 .text.dcd_edpt_stall
                0x000000001000490c       0x38 CMakeFiles/hid_composite.dir/home/tarek/pico-sdk/lib/tinyusb/src/portable/raspberrypi/rp2040/dcd_rp2040.c.o
                0x000000001000490c                dcd_edpt_stall
 .text.dcd_edpt_clear_stall
                0x0000000010004944       0x30 CMakeFiles/hid_composite.dir/home/tarek/pico-sdk/lib/tinyusb/src/portable/raspberrypi/rp2040/dcd_rp2040.c.o
                0x0000000010004944                dcd_edpt_clear_stall
 .text.rp2040_usb_init
                0x0000000010004974       0x40 CMakeFiles/hid_composite.dir/home/tarek/pico-sdk/lib/tinyusb/src/portable/raspberrypi/rp2040/rp2040_usb.c.o
                0x0000000010004974                rp2040_usb_init
 .text.hw_endpoint_xfer_start
                0x00000000100049b4       0x50 CMakeFiles/hid_composite.dir/home/tarek/pico-sdk/lib/tinyusb/src/portable/raspberrypi/rp2040/rp2040_usb.c.o
                0x00000000100049b4                hw_endpoint_xfer_start
 .text.tud_vendor_control_xfer_cb
                0x0000000010004a04        0x4 CMakeFiles/hid_composite.dir/home/tarek/pico-sdk/lib/tinyusb/src/device/usbd.c.o
                0x0000000010004a04                tud_vendor_control_xfer_cb
 .text.tud_event_hook_cb
                0x0000000010004a08        0x4 CMakeFiles/hid_composite.dir/home/tarek/pico-sdk/lib/tinyusb/src/device/usbd.c.o
                0x0000000010004a08                tud_event_hook_cb
 .text.tud_sof_cb
                0x0000000010004a0c        0x4 CMakeFiles/hid_composite.dir/home/tarek/pico-sdk/lib/tinyusb/src/device/usbd.c.o
                0x0000000010004a0c                tud_sof_cb
 .text.tud_descriptor_bos_cb
                0x0000000010004a10        0x4 CMakeFiles/hid_composite.dir/home/tarek/pico-sdk/lib/tinyusb/src/device/usbd.c.o
                0x0000000010004a10                tud_descriptor_bos_cb
 .text.tud_descriptor_device_qualifier_cb
                0x0000000010004a14        0x4 CMakeFiles/hid_composite.dir/home/tarek/pico-sdk/lib/tinyusb/src/device/usbd.c.o
                0x0000000010004a14                tud_descriptor_device_qualifier_cb
 .text.tud_descriptor_other_speed_configuration_cb
                0x0000000010004a18        0x4 CMakeFiles/hid_composite.dir/home/tarek/pico-sdk/lib/tinyusb/src/device/usbd.c.o
                0x0000000010004a18                tud_descriptor_other_speed_configuration_cb
 .text.tud_mounted
                0x0000000010004a1c       0x10 CMakeFiles/hid_composite.dir/home/tarek/pico-sdk/lib/tinyusb/src/device/usbd.c.o
                0x0000000010004a1c                tud_mounted
 .text.tud_suspended
                0x0000000010004a2c       0x10 CMakeFiles/hid_composite.dir/home/tarek/pico-sdk/lib/tinyusb/src/device/usbd.c.o
                0x0000000010004a2c                tud_suspended
 .text.tud_rhport_init
                0x0000000010004a3c       0xf0 CMakeFiles/hid_composite.dir/home/tarek/pico-sdk/lib/tinyusb/src/device/usbd.c.o
                0x0000000010004a3c                tud_rhport_init
 .text.tud_task_ext
                0x0000000010004b2c      0x7a4 CMakeFiles/hid_composite.dir/home/tarek/pico-sdk/lib/tinyusb/src/device/usbd.c.o
                0x0000000010004b2c                tud_task_ext
 .text.usbd_open_edpt_pair
                0x00000000100052d0       0xa0 CMakeFiles/hid_composite.dir/home/tarek/pico-sdk/lib/tinyusb/src/device/usbd.c.o
                0x00000000100052d0                usbd_open_edpt_pair
 .text.usbd_edpt_claim
                0x0000000010005370       0x28 CMakeFiles/hid_composite.dir/home/tarek/pico-sdk/lib/tinyusb/src/device/usbd.c.o
                0x0000000010005370                usbd_edpt_claim
 .text.usbd_edpt_xfer
                0x0000000010005398       0x4c CMakeFiles/hid_composite.dir/home/tarek/pico-sdk/lib/tinyusb/src/device/usbd.c.o
                0x0000000010005398                usbd_edpt_xfer
 .text.usbd_edpt_busy
                0x00000000100053e4       0x1c CMakeFiles/hid_composite.dir/home/tarek/pico-sdk/lib/tinyusb/src/device/usbd.c.o
                0x00000000100053e4                usbd_edpt_busy
 .text.tud_control_status
                0x0000000010005400       0x30 CMakeFiles/hid_composite.dir/home/tarek/pico-sdk/lib/tinyusb/src/device/usbd_control.c.o
                0x0000000010005400                tud_control_status
 .text.tud_control_xfer
                0x0000000010005430       0xbc CMakeFiles/hid_composite.dir/home/tarek/pico-sdk/lib/tinyusb/src/device/usbd_control.c.o
                0x0000000010005430                tud_control_xfer
 .text.usbd_control_reset
                0x00000000100054ec       0x14 CMakeFiles/hid_composite.dir/home/tarek/pico-sdk/lib/tinyusb/src/device/usbd_control.c.o
                0x00000000100054ec                usbd_control_reset
 .text.usbd_control_set_complete_callback
                0x0000000010005500        0xc CMakeFiles/hid_composite.dir/home/tarek/pico-sdk/lib/tinyusb/src/device/usbd_control.c.o
                0x0000000010005500                usbd_control_set_complete_callback
 .text.usbd_control_set_request
                0x000000001000550c       0x1c CMakeFiles/hid_composite.dir/home/tarek/pico-sdk/lib/tinyusb/src/device/usbd_control.c.o
                0x000000001000550c                usbd_control_set_request
 .text.usbd_control_xfer_cb
                0x0000000010005528       0xf0 CMakeFiles/hid_composite.dir/home/tarek/pico-sdk/lib/tinyusb/src/device/usbd_control.c.o
                0x0000000010005528                usbd_control_xfer_cb
 .text.tud_hid_set_protocol_cb
                0x0000000010005618        0x4 CMakeFiles/hid_composite.dir/home/tarek/pico-sdk/lib/tinyusb/src/class/hid/hid_device.c.o
                0x0000000010005618                tud_hid_set_protocol_cb
 .text.tud_hid_set_idle_cb
                0x000000001000561c        0x4 CMakeFiles/hid_composite.dir/home/tarek/pico-sdk/lib/tinyusb/src/class/hid/hid_device.c.o
                0x000000001000561c                tud_hid_set_idle_cb
 .text.tud_hid_report_failed_cb
                0x0000000010005620        0x4 CMakeFiles/hid_composite.dir/home/tarek/pico-sdk/lib/tinyusb/src/class/hid/hid_device.c.o
                0x0000000010005620                tud_hid_report_failed_cb
 .text.tud_hid_n_ready
                0x0000000010005624       0x3c CMakeFiles/hid_composite.dir/home/tarek/pico-sdk/lib/tinyusb/src/class/hid/hid_device.c.o
                0x0000000010005624                tud_hid_n_ready
 .text.tud_hid_n_keyboard_report
                0x0000000010005660       0x78 CMakeFiles/hid_composite.dir/home/tarek/pico-sdk/lib/tinyusb/src/class/hid/hid_device.c.o
                0x0000000010005660                tud_hid_n_keyboard_report
 .text.hidd_init
                0x00000000100056d8       0x14 CMakeFiles/hid_composite.dir/home/tarek/pico-sdk/lib/tinyusb/src/class/hid/hid_device.c.o
                0x00000000100056d8                hidd_init
 .text.hidd_deinit
                0x00000000100056ec        0x4 CMakeFiles/hid_composite.dir/home/tarek/pico-sdk/lib/tinyusb/src/class/hid/hid_device.c.o
                0x00000000100056ec                hidd_deinit
 .text.hidd_reset
                0x00000000100056f0       0x14 CMakeFiles/hid_composite.dir/home/tarek/pico-sdk/lib/tinyusb/src/class/hid/hid_device.c.o
                0x00000000100056f0                hidd_reset
 .text.hidd_open
                0x0000000010005704       0x8c CMakeFiles/hid_composite.dir/home/tarek/pico-sdk/lib/tinyusb/src/class/hid/hid_device.c.o
                0x0000000010005704                hidd_open
 .text.hidd_control_xfer_cb
                0x0000000010005790      0x1a4 CMakeFiles/hid_composite.dir/home/tarek/pico-sdk/lib/tinyusb/src/class/hid/hid_device.c.o
                0x0000000010005790                hidd_control_xfer_cb
 .text.hidd_xfer_cb
                0x0000000010005934       0x88 CMakeFiles/hid_composite.dir/home/tarek/pico-sdk/lib/tinyusb/src/class/hid/hid_device.c.o
                0x0000000010005934                hidd_xfer_cb
 .text.tusb_rhport_init
                0x00000000100059bc       0x48 CMakeFiles/hid_composite.dir/home/tarek/pico-sdk/lib/tinyusb/src/tusb.c.o
                0x00000000100059bc                tusb_rhport_init
 .text.tu_edpt_claim
                0x0000000010005a04       0x50 CMakeFiles/hid_composite.dir/home/tarek/pico-sdk/lib/tinyusb/src/tusb.c.o
                0x0000000010005a04                tu_edpt_claim
 .text.tu_edpt_validate
                0x0000000010005a54       0xac CMakeFiles/hid_composite.dir/home/tarek/pico-sdk/lib/tinyusb/src/tusb.c.o
                0x0000000010005a54                tu_edpt_validate
 .text.tu_edpt_bind_driver
                0x0000000010005b00       0x34 CMakeFiles/hid_composite.dir/home/tarek/pico-sdk/lib/tinyusb/src/tusb.c.o
                0x0000000010005b00                tu_edpt_bind_driver
 .text.tu_fifo_read
                0x0000000010005b34       0xa0 CMakeFiles/hid_composite.dir/home/tarek/pico-sdk/lib/tinyusb/src/common/tusb_fifo.c.o
                0x0000000010005b34                tu_fifo_read
 .text.tu_fifo_write
                0x0000000010005bd4       0x88 CMakeFiles/hid_composite.dir/home/tarek/pico-sdk/lib/tinyusb/src/common/tusb_fifo.c.o
                0x0000000010005bd4                tu_fifo_write
 .text.tu_fifo_clear
                0x0000000010005c5c       0x40 CMakeFiles/hid_composite.dir/home/tarek/pico-sdk/lib/tinyusb/src/common/tusb_fifo.c.o
                0x0000000010005c5c                tu_fifo_clear
 .text.board_get_unique_id
                0x0000000010005c9c       0x24 CMakeFiles/hid_composite.dir/home/tarek/pico-sdk/lib/tinyusb/hw/bsp/rp2040/family.c.o
                0x0000000010005c9c                board_get_unique_id
 .text.board_init
                0x0000000010005cc0       0x30 CMakeFiles/hid_composite.dir/home/tarek/pico-sdk/lib/tinyusb/hw/bsp/rp2040/family.c.o
                0x0000000010005cc0                board_init
 .text.board_led_write
                0x0000000010005cf0       0x14 CMakeFiles/hid_composite.dir/home/tarek/pico-sdk/lib/tinyusb/hw/bsp/rp2040/family.c.o
                0x0000000010005cf0                board_led_write
 .text.startup._retrieve_unique_id_on_boot
                0x0000000010005d04       0x10 CMakeFiles/hid_composite.dir/home/tarek/pico-sdk/src/rp2_common/pico_unique_id/unique_id.c.o
 .text.pico_get_unique_board_id
                0x0000000010005d14       0x10 CMakeFiles/hid_composite.dir/home/tarek/pico-sdk/src/rp2_common/pico_unique_id/unique_id.c.o
                0x0000000010005d14                pico_get_unique_board_id
 .text.flash_get_unique_id
                0x0000000010005d24       0x40 CMakeFiles/hid_composite.dir/home/tarek/pico-sdk/src/rp2_common/hardware_flash/flash.c.o
                0x0000000010005d24                flash_get_unique_id
 .text          0x0000000010005d64       0x5c /usr/lib/gcc/arm-none-eabi/10.3.1/../../../arm-none-eabi/lib/thumb/v6-m/nofp/libg.a(lib_a-strlen-stub.o)
                0x0000000010005d64                strlen
 *(.fini)
 .fini          0x0000000010005dc0        0x4 /usr/lib/gcc/arm-none-eabi/10.3.1/thumb/v6-m/nofp/crti.o
                0x0000000010005dc0                _fini
 *fill*         0x0000000010005dc4        0x4 
 .fini.__stub   0x0000000010005dc8       0xc0 linker stubs
 *crtbegin.o(.ctors)
 *crtbegin?.o(.ctors)
 *(EXCLUDE_FILE(*crtend.o *crtend?.o) .ctors)
 *(SORT_BY_NAME(.ctors.*))
 *(.ctors)
 *crtbegin.o(.dtors)
 *crtbegin?.o(.dtors)
 *(EXCLUDE_FILE(*crtend.o *crtend?.o) .dtors)
 *(SORT_BY_NAME(.dtors.*))
 *(.dtors)
                0x0000000010005e88                . = ALIGN (0x4)
                0x0000000010005e88                PROVIDE (__preinit_array_start = .)
 *(SORT_BY_NAME(.preinit_array.*))
 .preinit_array.00100
                0x0000000010005e88        0x4 CMakeFiles/hid_composite.dir/home/tarek/pico-sdk/src/rp2_common/pico_runtime_init/runtime_init.c.o
                0x0000000010005e88                __pre_init_runtime_init_early_resets
 .preinit_array.00101
                0x0000000010005e8c        0x4 CMakeFiles/hid_composite.dir/home/tarek/pico-sdk/src/rp2_common/pico_runtime_init/runtime_init.c.o
                0x0000000010005e8c                __pre_init_runtime_init_usb_power_down
 .preinit_array.00275
                0x0000000010005e90        0x4 CMakeFiles/hid_composite.dir/home/tarek/pico-sdk/src/rp2_common/pico_bit_ops/bit_ops_aeabi.S.o
 .preinit_array.00300
                0x0000000010005e94        0x4 CMakeFiles/hid_composite.dir/home/tarek/pico-sdk/src/rp2_common/pico_mem_ops/mem_ops_aeabi.S.o
 .preinit_array.00350
                0x0000000010005e98        0x4 CMakeFiles/hid_composite.dir/home/tarek/pico-sdk/src/rp2_common/pico_double/double_aeabi_rp2040.S.o
 .preinit_array.00350
                0x0000000010005e9c        0x4 CMakeFiles/hid_composite.dir/home/tarek/pico-sdk/src/rp2_common/pico_float/float_aeabi_rp2040.S.o
 .preinit_array.00500
                0x0000000010005ea0        0x4 CMakeFiles/hid_composite.dir/home/tarek/pico-sdk/src/rp2_common/pico_runtime_init/runtime_init.c.o
                0x0000000010005ea0                __pre_init_runtime_init_clocks
 .preinit_array.00600
                0x0000000010005ea4        0x4 CMakeFiles/hid_composite.dir/home/tarek/pico-sdk/src/rp2_common/pico_runtime_init/runtime_init.c.o
                0x0000000010005ea4                __pre_init_runtime_init_post_clock_resets
 .preinit_array.00700
                0x0000000010005ea8        0x4 CMakeFiles/hid_composite.dir/home/tarek/pico-sdk/src/rp2_common/pico_runtime_init/runtime_init.c.o
                0x0000000010005ea8                __pre_init_runtime_init_rp2040_gpio_ie_disable
 .preinit_array.01000
                0x0000000010005eac        0x4 CMakeFiles/hid_composite.dir/home/tarek/pico-sdk/src/rp2_common/pico_runtime_init/runtime_init.c.o
                0x0000000010005eac                __pre_init_runtime_init_spin_locks_reset
 .preinit_array.01100
                0x0000000010005eb0        0x4 CMakeFiles/hid_composite.dir/home/tarek/pico-sdk/src/common/pico_sync/mutex.c.o
                0x0000000010005eb0                __pre_init_runtime_init_mutex
 .preinit_array.10080
                0x0000000010005eb4        0x4 CMakeFiles/hid_composite.dir/home/tarek/pico-sdk/src/rp2_common/pico_runtime_init/runtime_init.c.o
                0x0000000010005eb4                __pre_init_runtime_init_install_ram_vector_table
 .preinit_array.11000
                0x0000000010005eb8        0x4 CMakeFiles/hid_composite.dir/home/tarek/pico-sdk/src/common/pico_time/time.c.o
                0x0000000010005eb8                __pre_init_runtime_init_default_alarm_pool
 .preinit_array.YYYYY
                0x0000000010005ebc        0x4 CMakeFiles/hid_composite.dir/home/tarek/pico-sdk/src/rp2_common/pico_runtime/runtime.c.o
                0x0000000010005ebc                __pre_init_first_per_core_initializer
 .preinit_array.ZZZZZ.01200
                0x0000000010005ec0        0x4 CMakeFiles/hid_composite.dir/home/tarek/pico-sdk/src/rp2_common/hardware_irq/irq.c.o
                0x0000000010005ec0                __pre_init_runtime_init_per_core_irq_priorities
 *(.preinit_array)
                0x0000000010005ec4                PROVIDE (__preinit_array_end = .)
                0x0000000010005ec4                . = ALIGN (0x4)
                0x0000000010005ec4                PROVIDE (__init_array_start = .)
 *(SORT_BY_NAME(.init_array.*))
 *(.init_array)
 .init_array    0x0000000010005ec4        0x4 /usr/lib/gcc/arm-none-eabi/10.3.1/thumb/v6-m/nofp/crtbegin.o
 .init_array    0x0000000010005ec8        0x4 CMakeFiles/hid_composite.dir/home/tarek/pico-sdk/src/rp2_common/pico_unique_id/unique_id.c.o
                0x0000000010005ecc                PROVIDE (__init_array_end = .)
                0x0000000010005ecc                . = ALIGN (0x4)
                0x0000000010005ecc                PROVIDE (__fini_array_start = .)
 *(SORT_BY_NAME(.fini_array.*))
 *(.fini_array)
                0x0000000010005ecc                PROVIDE (__fini_array_end = .)
 *(.eh_frame*)
 .eh_frame      0x0000000010005ecc        0x0 /usr/lib/gcc/arm-none-eabi/10.3.1/thumb/v6-m/nofp/crtbegin.o
                0x0000000010005ecc                . = ALIGN (0x4)

.glue_7         0x0000000010005ecc        0x0
 .glue_7        0x0000000010005ecc        0x0 linker stubs

.glue_7t        0x0000000010005ecc        0x0
 .glue_7t       0x0000000010005ecc        0x0 linker stubs

.vfp11_veneer   0x0000000010005ecc        0x0
 .vfp11_veneer  0x0000000010005ecc        0x0 linker stubs

.v4_bx          0x0000000010005ecc        0x0
 .v4_bx         0x0000000010005ecc        0x0 linker stubs

.iplt           0x0000000010005ecc        0x0
 .iplt          0x0000000010005ecc        0x0 /usr/lib/gcc/arm-none-eabi/10.3.1/thumb/v6-m/nofp/crtbegin.o

.rodata         0x0000000010005ed0      0x6b8
 *(EXCLUDE_FILE(*libm.a: *libc.a:*lib_a-mem*.o *libgcc.a:) .rodata*)
 .rodata.str1.4
                0x0000000010005ed0       0x3d CMakeFiles/hid_composite.dir/src/main.c.o
 *fill*         0x0000000010005f0d        0x3 
 .rodata.main.str1.4
                0x0000000010005f10       0x1d CMakeFiles/hid_composite.dir/src/main.c.o
 *fill*         0x0000000010005f2d        0x3 
 .rodata        0x0000000010005f30       0x10 CMakeFiles/hid_composite.dir/src/main.c.o
 .rodata.tud_descriptor_string_cb.str1.4
                0x0000000010005f40       0x11 CMakeFiles/hid_composite.dir/src/usb_descriptors.c.o
 *fill*         0x0000000010005f51        0x3 
 .rodata.str1.4
                0x0000000010005f54       0x17 CMakeFiles/hid_composite.dir/src/usb_descriptors.c.o
 *fill*         0x0000000010005f6b        0x1 
 .rodata.__compound_literal.0
                0x0000000010005f6c        0x2 CMakeFiles/hid_composite.dir/src/usb_descriptors.c.o
 *fill*         0x0000000010005f6e        0x2 
 .rodata.desc_configuration
                0x0000000010005f70       0x22 CMakeFiles/hid_composite.dir/src/usb_descriptors.c.o
                0x0000000010005f70                desc_configuration
 *fill*         0x0000000010005f92        0x2 
 .rodata.desc_device
                0x0000000010005f94       0x12 CMakeFiles/hid_composite.dir/src/usb_descriptors.c.o
                0x0000000010005f94                desc_device
 *fill*         0x0000000010005fa6        0x2 
 .rodata.desc_hid_report
                0x0000000010005fa8      0x12d CMakeFiles/hid_composite.dir/src/usb_descriptors.c.o
                0x0000000010005fa8                desc_hid_report
 *fill*         0x00000000100060d5        0x3 
 .rodata.panic.str1.4
                0x00000000100060d8       0x12 CMakeFiles/hid_composite.dir/home/tarek/pico-sdk/src/rp2_common/pico_platform_panic/panic.c.o
 *fill*         0x00000000100060ea        0x2 
 .rodata.spin_lock_claim_unused.str1.4
                0x00000000100060ec       0x1b CMakeFiles/hid_composite.dir/home/tarek/pico-sdk/src/rp2_common/hardware_sync/sync.c.o
 *fill*         0x0000000010006107        0x1 
 .rodata.timer_hardware_alarm_claim.str1.4
                0x0000000010006108       0x22 CMakeFiles/hid_composite.dir/home/tarek/pico-sdk/src/rp2_common/hardware_timer/timer.c.o
 *fill*         0x000000001000612a        0x2 
 .rodata.hard_assertion_failure.str1.4
                0x000000001000612c        0xc CMakeFiles/hid_composite.dir/home/tarek/pico-sdk/src/rp2_common/pico_runtime/runtime.c.o
 .rodata.str1.4
                0x0000000010006138       0x44 CMakeFiles/hid_composite.dir/home/tarek/pico-sdk/src/rp2_common/pico_standard_binary_info/standard_binary_info.c.o
 .rodata.__bi_26
                0x000000001000617c        0xc CMakeFiles/hid_composite.dir/home/tarek/pico-sdk/src/rp2_common/pico_standard_binary_info/standard_binary_info.c.o
 .rodata.__bi_34
                0x0000000010006188        0xc CMakeFiles/hid_composite.dir/home/tarek/pico-sdk/src/rp2_common/pico_standard_binary_info/standard_binary_info.c.o
 .rodata.__bi_42
                0x0000000010006194        0xc CMakeFiles/hid_composite.dir/home/tarek/pico-sdk/src/rp2_common/pico_standard_binary_info/standard_binary_info.c.o
 .rodata.__bi_48
                0x00000000100061a0        0xc CMakeFiles/hid_composite.dir/home/tarek/pico-sdk/src/rp2_common/pico_standard_binary_info/standard_binary_info.c.o
 .rodata.__bi_54
                0x00000000100061ac        0xc CMakeFiles/hid_composite.dir/home/tarek/pico-sdk/src/rp2_common/pico_standard_binary_info/standard_binary_info.c.o
 .rodata.__bi_78
                0x00000000100061b8        0xc CMakeFiles/hid_composite.dir/home/tarek/pico-sdk/src/rp2_common/pico_standard_binary_info/standard_binary_info.c.o
 .rodata.__bi_84
                0x00000000100061c4        0xc CMakeFiles/hid_composite.dir/home/tarek/pico-sdk/src/rp2_common/pico_standard_binary_info/standard_binary_info.c.o
 .rodata._ftoa.str1.4
                0x00000000100061d0       0x15 CMakeFiles/hid_composite.dir/home/tarek/pico-sdk/src/rp2_common/pico_printf/printf.c.o
 *fill*         0x00000000100061e5        0x3 
 .rodata._vsnprintf
                0x00000000100061e8      0x1e0 CMakeFiles/hid_composite.dir/home/tarek/pico-sdk/src/rp2_common/pico_printf/printf.c.o
 .rodata.pow10.0
                0x00000000100063c8       0x50 CMakeFiles/hid_composite.dir/home/tarek/pico-sdk/src/rp2_common/pico_printf/printf.c.o
 .rodata.crlf_str.0
                0x0000000010006418        0x2 CMakeFiles/hid_composite.dir/home/tarek/pico-sdk/src/rp2_common/pico_stdio/stdio.c.o
 *fill*         0x000000001000641a        0x2 
 .rodata.str1.4
                0x000000001000641c       0x14 CMakeFiles/hid_composite.dir/home/tarek/pico-sdk/lib/tinyusb/src/portable/raspberrypi/rp2040/dcd_rp2040.c.o
 .rodata.str1.4
                0x0000000010006430       0x48 CMakeFiles/hid_composite.dir/home/tarek/pico-sdk/lib/tinyusb/src/portable/raspberrypi/rp2040/rp2040_usb.c.o
 .rodata.tud_task_ext
                0x0000000010006478       0x8c CMakeFiles/hid_composite.dir/home/tarek/pico-sdk/lib/tinyusb/src/device/usbd.c.o
 .rodata        0x0000000010006504       0x1c CMakeFiles/hid_composite.dir/home/tarek/pico-sdk/lib/tinyusb/src/device/usbd.c.o
 .rodata._usbd_driver
                0x0000000010006520       0x20 CMakeFiles/hid_composite.dir/home/tarek/pico-sdk/lib/tinyusb/src/device/usbd.c.o
 .rodata.hidd_control_xfer_cb
                0x0000000010006540       0x30 CMakeFiles/hid_composite.dir/home/tarek/pico-sdk/lib/tinyusb/src/class/hid/hid_device.c.o
 .rodata.str1.4
                0x0000000010006570        0x4 CMakeFiles/hid_composite.dir/home/tarek/pico-sdk/lib/tinyusb/hw/bsp/rp2040/family.c.o
 .rodata.__bi_186.0
                0x0000000010006574        0xc CMakeFiles/hid_composite.dir/home/tarek/pico-sdk/lib/tinyusb/hw/bsp/rp2040/family.c.o
 .rodata.__bi_196.1
                0x0000000010006580        0x8 CMakeFiles/hid_composite.dir/home/tarek/pico-sdk/lib/tinyusb/hw/bsp/rp2040/family.c.o
                0x0000000010006588                . = ALIGN (0x4)
 *(SORT_BY_ALIGNMENT(SORT_BY_NAME(.flashdata*)))
                0x0000000010006588                . = ALIGN (0x4)

.ARM.extab
 *(.ARM.extab* .gnu.linkonce.armextab.*)
                0x0000000010006588                __exidx_start = .

.ARM.exidx
 *(.ARM.exidx* .gnu.linkonce.armexidx.*)
                0x0000000010006588                __exidx_end = .
                0x0000000010006588                . = ALIGN (0x4)
                0x0000000010006588                __binary_info_start = .

.binary_info    0x0000000010006588       0x24
 *(.binary_info.keep.*)
 .binary_info.keep.__bi_ptr26
                0x0000000010006588        0x4 CMakeFiles/hid_composite.dir/home/tarek/pico-sdk/src/rp2_common/pico_standard_binary_info/standard_binary_info.c.o
 .binary_info.keep.__bi_ptr34
                0x000000001000658c        0x4 CMakeFiles/hid_composite.dir/home/tarek/pico-sdk/src/rp2_common/pico_standard_binary_info/standard_binary_info.c.o
 .binary_info.keep.__bi_ptr42
                0x0000000010006590        0x4 CMakeFiles/hid_composite.dir/home/tarek/pico-sdk/src/rp2_common/pico_standard_binary_info/standard_binary_info.c.o
 .binary_info.keep.__bi_ptr48
                0x0000000010006594        0x4 CMakeFiles/hid_composite.dir/home/tarek/pico-sdk/src/rp2_common/pico_standard_binary_info/standard_binary_info.c.o
 .binary_info.keep.__bi_ptr54
                0x0000000010006598        0x4 CMakeFiles/hid_composite.dir/home/tarek/pico-sdk/src/rp2_common/pico_standard_binary_info/standard_binary_info.c.o
 .binary_info.keep.__bi_ptr78
                0x000000001000659c        0x4 CMakeFiles/hid_composite.dir/home/tarek/pico-sdk/src/rp2_common/pico_standard_binary_info/standard_binary_info.c.o
 .binary_info.keep.__bi_ptr84
                0x00000000100065a0        0x4 CMakeFiles/hid_composite.dir/home/tarek/pico-sdk/src/rp2_common/pico_standard_binary_info/standard_binary_info.c.o
 .binary_info.keep.__bi_ptr186
                0x00000000100065a4        0x4 CMakeFiles/hid_composite.dir/home/tarek/pico-sdk/lib/tinyusb/hw/bsp/rp2040/family.c.o
 .binary_info.keep.__bi_ptr196
                0x00000000100065a8        0x4 CMakeFiles/hid_composite.dir/home/tarek/pico-sdk/lib/tinyusb/hw/bsp/rp2040/family.c.o
 *(.binary_info.*)
                0x00000000100065ac                __binary_info_end = .

.rel.dyn        0x00000000100065ac        0x0
 .rel.iplt      0x00000000100065ac        0x0 /usr/lib/gcc/arm-none-eabi/10.3.1/thumb/v6-m/nofp/crtbegin.o
                0x00000000100065ac                . = ALIGN (0x4)

.ram_vector_table
                0x0000000020000000       0xc0
 *(.ram_vector_table)
 .ram_vector_table
                0x0000000020000000       0xc0 CMakeFiles/hid_composite.dir/home/tarek/pico-sdk/src/rp2_common/pico_runtime_init/runtime_init.c.o
                0x0000000020000000                ram_vector_table

.uninitialized_data
                0x00000000200000c0        0x0
                0x00000000200000c0                . = ALIGN (0x4)
 *(.uninitialized_data*)

.data           0x00000000200000c0      0xfa0 load address 0x00000000100065ac
                0x00000000200000c0                __data_start__ = .
 *(vtable)
 *(.time_critical*)
 .time_critical.mutex_try_enter_block_until
                0x00000000200000c0       0x9c CMakeFiles/hid_composite.dir/home/tarek/pico-sdk/src/common/pico_sync/mutex.c.o
                0x00000000200000c0                mutex_try_enter_block_until
 .time_critical.mutex_enter_timeout_ms
                0x000000002000015c       0x90 CMakeFiles/hid_composite.dir/home/tarek/pico-sdk/src/common/pico_sync/mutex.c.o
                0x000000002000015c                mutex_enter_timeout_ms
 .time_critical.mutex_exit
                0x00000000200001ec       0x28 CMakeFiles/hid_composite.dir/home/tarek/pico-sdk/src/common/pico_sync/mutex.c.o
                0x00000000200001ec                mutex_exit
 .time_critical.reset_non_control_endpoints
                0x0000000020000214       0xbc CMakeFiles/hid_composite.dir/home/tarek/pico-sdk/lib/tinyusb/src/portable/raspberrypi/rp2040/dcd_rp2040.c.o
 .time_critical.hw_handle_buff_status
                0x00000000200002d0       0x98 CMakeFiles/hid_composite.dir/home/tarek/pico-sdk/lib/tinyusb/src/portable/raspberrypi/rp2040/dcd_rp2040.c.o
 .time_critical.dcd_rp2040_irq
                0x0000000020000368      0x544 CMakeFiles/hid_composite.dir/home/tarek/pico-sdk/lib/tinyusb/src/portable/raspberrypi/rp2040/dcd_rp2040.c.o
 .time_critical.prepare_ep_buffer
                0x00000000200008ac       0xf4 CMakeFiles/hid_composite.dir/home/tarek/pico-sdk/lib/tinyusb/src/portable/raspberrypi/rp2040/rp2040_usb.c.o
 .time_critical.sync_ep_buffer
                0x00000000200009a0       0xb4 CMakeFiles/hid_composite.dir/home/tarek/pico-sdk/lib/tinyusb/src/portable/raspberrypi/rp2040/rp2040_usb.c.o
 .time_critical._hw_endpoint_xfer_sync
                0x0000000020000a54       0x28 CMakeFiles/hid_composite.dir/home/tarek/pico-sdk/lib/tinyusb/src/portable/raspberrypi/rp2040/rp2040_usb.c.o
 .time_critical.e15_is_bulkin_ep
                0x0000000020000a7c       0x28 CMakeFiles/hid_composite.dir/home/tarek/pico-sdk/lib/tinyusb/src/portable/raspberrypi/rp2040/rp2040_usb.c.o
 .time_critical.e15_is_critical_frame_period
                0x0000000020000aa4       0x34 CMakeFiles/hid_composite.dir/home/tarek/pico-sdk/lib/tinyusb/src/portable/raspberrypi/rp2040/rp2040_usb.c.o
 .time_critical.hw_endpoint_reset_transfer
                0x0000000020000ad8        0xc CMakeFiles/hid_composite.dir/home/tarek/pico-sdk/lib/tinyusb/src/portable/raspberrypi/rp2040/rp2040_usb.c.o
                0x0000000020000ad8                hw_endpoint_reset_transfer
 .time_critical._hw_endpoint_buffer_control_update32
                0x0000000020000ae4       0x50 CMakeFiles/hid_composite.dir/home/tarek/pico-sdk/lib/tinyusb/src/portable/raspberrypi/rp2040/rp2040_usb.c.o
                0x0000000020000ae4                _hw_endpoint_buffer_control_update32
 .time_critical.hw_endpoint_start_next_buffer
                0x0000000020000b34       0x6c CMakeFiles/hid_composite.dir/home/tarek/pico-sdk/lib/tinyusb/src/portable/raspberrypi/rp2040/rp2040_usb.c.o
                0x0000000020000b34                hw_endpoint_start_next_buffer
 .time_critical.hw_endpoint_xfer_continue
                0x0000000020000ba0       0x40 CMakeFiles/hid_composite.dir/home/tarek/pico-sdk/lib/tinyusb/src/portable/raspberrypi/rp2040/rp2040_usb.c.o
                0x0000000020000ba0                hw_endpoint_xfer_continue
 .time_critical.tinyusb
                0x0000000020000be0      0x1e8 CMakeFiles/hid_composite.dir/home/tarek/pico-sdk/lib/tinyusb/src/device/usbd.c.o
                0x0000000020000be0                dcd_event_handler
 .time_critical.flash_init_boot2_copyout
                0x0000000020000dc8       0x30 CMakeFiles/hid_composite.dir/home/tarek/pico-sdk/src/rp2_common/hardware_flash/flash.c.o
 .time_critical.flash_enable_xip_via_boot2
                0x0000000020000df8       0x10 CMakeFiles/hid_composite.dir/home/tarek/pico-sdk/src/rp2_common/hardware_flash/flash.c.o
 .time_critical.flash_cs_force
                0x0000000020000e08       0x38 CMakeFiles/hid_composite.dir/home/tarek/pico-sdk/src/rp2_common/hardware_flash/flash.c.o
 .time_critical.flash_do_cmd
                0x0000000020000e40       0xc4 CMakeFiles/hid_composite.dir/home/tarek/pico-sdk/src/rp2_common/hardware_flash/flash.c.o
                0x0000000020000e40                flash_do_cmd
 *(.text*)
 .text          0x0000000020000f04        0x4 /usr/lib/gcc/arm-none-eabi/10.3.1/thumb/v6-m/nofp/libgcc.a(_dvmd_tls.o)
                0x0000000020000f04                __aeabi_ldiv0
                0x0000000020000f04                __aeabi_idiv0
 .text.__stub   0x0000000020000f08       0x80 linker stubs
                0x0000000020000f88                . = ALIGN (0x4)
 *(.rodata*)
                0x0000000020000f88                . = ALIGN (0x4)
 *(.data*)
 .data.blink_interval_ms
                0x0000000020000f88        0x4 CMakeFiles/hid_composite.dir/src/main.c.o
 .data.string_desc_arr
                0x0000000020000f8c       0x10 CMakeFiles/hid_composite.dir/src/usb_descriptors.c.o
                0x0000000020000f8c                string_desc_arr
 .data.striped_spin_lock_num
                0x0000000020000f9c        0x1 CMakeFiles/hid_composite.dir/home/tarek/pico-sdk/src/rp2_common/hardware_sync/sync.c.o
 *fill*         0x0000000020000f9d        0x3 
 .data          0x0000000020000fa0       0x48 CMakeFiles/hid_composite.dir/home/tarek/pico-sdk/src/rp2_common/hardware_irq/irq_handler_chain.S.o
                0x0000000020000fa0                irq_handler_chain_slots
                0x0000000020000fd0                irq_handler_chain_first_slot
                0x0000000020000fda                irq_handler_chain_remove_tail
 .data.default_alarm_pool
                0x0000000020000fe8       0x18 CMakeFiles/hid_composite.dir/home/tarek/pico-sdk/src/common/pico_time/time.c.o
 .data.aeabi_bits_funcs
                0x0000000020001000       0x10 CMakeFiles/hid_composite.dir/home/tarek/pico-sdk/src/rp2_common/pico_bit_ops/bit_ops_aeabi.S.o
                0x0000000020001000                aeabi_bits_funcs
                0x0000000020001010                aeabi_bits_funcs_end
 .data.aeabi_mem_funcs
                0x0000000020001010       0x10 CMakeFiles/hid_composite.dir/home/tarek/pico-sdk/src/rp2_common/pico_mem_ops/mem_ops_aeabi.S.o
                0x0000000020001010                aeabi_mem_funcs
                0x0000000020001020                aeabi_mem_funcs_end
 .data.stdio_uart
                0x0000000020001020       0x18 CMakeFiles/hid_composite.dir/home/tarek/pico-sdk/src/rp2_common/pico_stdio_uart/stdio_uart.c.o
                0x0000000020001020                stdio_uart
 .data._usbd_qdef
                0x0000000020001038       0x1c CMakeFiles/hid_composite.dir/home/tarek/pico-sdk/lib/tinyusb/src/device/usbd.c.o
                0x0000000020001038                _usbd_qdef
 .data._usbd_rhport
                0x0000000020001054        0x1 CMakeFiles/hid_composite.dir/home/tarek/pico-sdk/lib/tinyusb/src/device/usbd.c.o
                0x0000000020001058                . = ALIGN (0x4)
 *fill*         0x0000000020001055        0x3 
 *(.after_data.*)
                0x0000000020001058                . = ALIGN (0x4)
                0x0000000020001058                PROVIDE (__mutex_array_start = .)
 *(SORT_BY_NAME(.mutex_array.*))
 *(.mutex_array)
 .mutex_array   0x0000000020001058        0x8 CMakeFiles/hid_composite.dir/home/tarek/pico-sdk/src/rp2_common/pico_stdio/stdio.c.o
                0x0000000020001060                PROVIDE (__mutex_array_end = .)
                0x0000000020001060                . = ALIGN (0x4)
 *(.jcr)
                0x0000000020001060                . = ALIGN (0x4)

.tm_clone_table
                0x0000000020001060        0x0 load address 0x000000001000754c
 .tm_clone_table
                0x0000000020001060        0x0 /usr/lib/gcc/arm-none-eabi/10.3.1/thumb/v6-m/nofp/crtbegin.o
 .tm_clone_table
                0x0000000020001060        0x0 /usr/lib/gcc/arm-none-eabi/10.3.1/thumb/v6-m/nofp/crtend.o

.igot.plt       0x0000000020001060        0x0 load address 0x000000001000754c
 .igot.plt      0x0000000020001060        0x0 /usr/lib/gcc/arm-none-eabi/10.3.1/thumb/v6-m/nofp/crtbegin.o

.tdata          0x0000000020001060        0x0 load address 0x000000001000754c
                0x0000000020001060                . = ALIGN (0x4)
 *(.tdata .tdata.* .gnu.linkonce.td.*)
                0x0000000020001060                __tdata_end = .
                0x0000000020001060                PROVIDE (__data_end__ = .)
                0x00000000100065ac                __etext = LOADADDR (.data)

.tbss           0x0000000020001060        0x0 load address 0x000000001000754c
                0x0000000020001060                . = ALIGN (0x4)
                0x0000000020001060                __bss_start__ = .
                0x0000000020001060                __tls_base = .
 *(.tbss .tbss.* .gnu.linkonce.tb.*)
 *(.tcommon)
                0x0000000020001060                __tls_end = .

.bss            0x0000000020001060      0xb20 load address 0x000000001000754c
                0x0000000020001060                . = ALIGN (0x4)
                0x0000000020001060                __tbss_end = .
 *(SORT_BY_ALIGNMENT(SORT_BY_NAME(.bss*)))
 .bss.default_alarm_pool_entries
                0x0000000020001060      0x180 CMakeFiles/hid_composite.dir/home/tarek/pico-sdk/src/common/pico_time/time.c.o
 .bss.sd_table  0x00000000200011e0      0x100 CMakeFiles/hid_composite.dir/home/tarek/pico-sdk/src/rp2_common/pico_double/double_init_rom_rp2040.c.o
                0x00000000200011e0                sd_table
 .bss.sf_table  0x00000000200012e0      0x100 CMakeFiles/hid_composite.dir/home/tarek/pico-sdk/src/rp2_common/pico_float/float_init_rom_rp2040.c.o
                0x00000000200012e0                sf_table
 .bss           0x00000000200013e0       0x1c /usr/lib/gcc/arm-none-eabi/10.3.1/thumb/v6-m/nofp/crtbegin.o
 .bss._app_driver
                0x00000000200013fc        0x4 CMakeFiles/hid_composite.dir/home/tarek/pico-sdk/lib/tinyusb/src/device/usbd.c.o
 .bss._ctrl_epbuf
                0x0000000020001400       0x40 CMakeFiles/hid_composite.dir/home/tarek/pico-sdk/lib/tinyusb/src/device/usbd_control.c.o
 .bss._ctrl_xfer
                0x0000000020001440       0x14 CMakeFiles/hid_composite.dir/home/tarek/pico-sdk/lib/tinyusb/src/device/usbd_control.c.o
 .bss._desc_str
                0x0000000020001454       0x42 CMakeFiles/hid_composite.dir/src/usb_descriptors.c.o
 *fill*         0x0000000020001496        0x2 
 .bss._hidd_epbuf
                0x0000000020001498       0x30 CMakeFiles/hid_composite.dir/home/tarek/pico-sdk/lib/tinyusb/src/class/hid/hid_device.c.o
 .bss._hidd_itf
                0x00000000200014c8        0xc CMakeFiles/hid_composite.dir/home/tarek/pico-sdk/lib/tinyusb/src/class/hid/hid_device.c.o
 .bss._tusb_rhport_role
                0x00000000200014d4        0x2 CMakeFiles/hid_composite.dir/home/tarek/pico-sdk/lib/tinyusb/src/tusb.c.o
                0x00000000200014d4                _tusb_rhport_role
 *fill*         0x00000000200014d6        0x2 
 .bss._ubsd_mutexdef
                0x00000000200014d8        0x8 CMakeFiles/hid_composite.dir/home/tarek/pico-sdk/lib/tinyusb/src/device/usbd.c.o
 .bss._usbd_dev
                0x00000000200014e0       0x54 CMakeFiles/hid_composite.dir/home/tarek/pico-sdk/lib/tinyusb/src/device/usbd.c.o
 .bss._usbd_mutex
                0x0000000020001534        0x4 CMakeFiles/hid_composite.dir/home/tarek/pico-sdk/lib/tinyusb/src/device/usbd.c.o
 .bss._usbd_q   0x0000000020001538        0x4 CMakeFiles/hid_composite.dir/home/tarek/pico-sdk/lib/tinyusb/src/device/usbd.c.o
 .bss._usbd_qdef_buf
                0x000000002000153c       0xc0 CMakeFiles/hid_composite.dir/home/tarek/pico-sdk/lib/tinyusb/src/device/usbd.c.o
                0x000000002000153c                _usbd_qdef_buf
 .bss.boot2_copyout
                0x00000000200015fc      0x100 CMakeFiles/hid_composite.dir/home/tarek/pico-sdk/src/rp2_common/hardware_flash/flash.c.o
 .bss.chars_available_callback
                0x00000000200016fc        0x4 CMakeFiles/hid_composite.dir/home/tarek/pico-sdk/src/rp2_common/pico_stdio_uart/stdio_uart.c.o
 .bss.chars_available_param
                0x0000000020001700        0x4 CMakeFiles/hid_composite.dir/home/tarek/pico-sdk/src/rp2_common/pico_stdio_uart/stdio_uart.c.o
 .bss.claimed   0x0000000020001704        0x4 CMakeFiles/hid_composite.dir/home/tarek/pico-sdk/src/rp2_common/hardware_sync/sync.c.o
 .bss.claimed   0x0000000020001708        0x1 CMakeFiles/hid_composite.dir/home/tarek/pico-sdk/src/rp2_common/hardware_timer/timer.c.o
 *fill*         0x0000000020001709        0x3 
 .bss.configured_freq
                0x000000002000170c       0x28 CMakeFiles/hid_composite.dir/home/tarek/pico-sdk/src/rp2_common/hardware_clocks/clocks.c.o
 .bss.drivers   0x0000000020001734        0x4 CMakeFiles/hid_composite.dir/home/tarek/pico-sdk/src/rp2_common/pico_stdio/stdio.c.o
 .bss.e15_last_sof
                0x0000000020001738        0x4 CMakeFiles/hid_composite.dir/home/tarek/pico-sdk/lib/tinyusb/src/portable/raspberrypi/rp2040/rp2040_usb.c.o
                0x0000000020001738                e15_last_sof
 .bss.filter    0x000000002000173c        0x4 CMakeFiles/hid_composite.dir/home/tarek/pico-sdk/src/rp2_common/pico_stdio/stdio.c.o
 .bss.hw_endpoints
                0x0000000020001740      0x400 CMakeFiles/hid_composite.dir/home/tarek/pico-sdk/lib/tinyusb/src/portable/raspberrypi/rp2040/dcd_rp2040.c.o
 .bss.lazy_vsnprintf
                0x0000000020001b40        0x4 CMakeFiles/hid_composite.dir/home/tarek/pico-sdk/src/rp2_common/pico_printf/printf.c.o
 .bss.next_buffer_ptr
                0x0000000020001b44        0x4 CMakeFiles/hid_composite.dir/home/tarek/pico-sdk/lib/tinyusb/src/portable/raspberrypi/rp2040/dcd_rp2040.c.o
 .bss.pools     0x0000000020001b48       0x10 CMakeFiles/hid_composite.dir/home/tarek/pico-sdk/src/common/pico_time/time.c.o
 .bss.retrieved_id
                0x0000000020001b58        0x8 CMakeFiles/hid_composite.dir/home/tarek/pico-sdk/src/rp2_common/pico_unique_id/unique_id.c.o
 .bss.sf_clz_func
                0x0000000020001b60        0x4 CMakeFiles/hid_composite.dir/home/tarek/pico-sdk/src/rp2_common/pico_double/double_init_rom_rp2040.c.o
                0x0000000020001b60                sf_clz_func
 .bss.sleep_notifier
                0x0000000020001b64        0x4 CMakeFiles/hid_composite.dir/home/tarek/pico-sdk/src/common/pico_time/time.c.o
 .bss.start_ms.1
                0x0000000020001b68        0x4 CMakeFiles/hid_composite.dir/src/main.c.o
 .bss.uart_char_to_line_feed
                0x0000000020001b6c        0x4 CMakeFiles/hid_composite.dir/home/tarek/pico-sdk/src/rp2_common/hardware_uart/uart.c.o
                0x0000000020001b6c                uart_char_to_line_feed
 .bss.uart_inst
                0x0000000020001b70        0x4 CMakeFiles/hid_composite.dir/home/tarek/pico-sdk/lib/tinyusb/hw/bsp/rp2040/family.c.o
 .bss.uart_instance
                0x0000000020001b74        0x4 CMakeFiles/hid_composite.dir/home/tarek/pico-sdk/src/rp2_common/pico_stdio_uart/stdio_uart.c.o
 .bss._app_driver_count
                0x0000000020001b78        0x1 CMakeFiles/hid_composite.dir/home/tarek/pico-sdk/lib/tinyusb/src/device/usbd.c.o
 .bss._sof_enable
                0x0000000020001b79        0x1 CMakeFiles/hid_composite.dir/home/tarek/pico-sdk/lib/tinyusb/src/portable/raspberrypi/rp2040/dcd_rp2040.c.o
 .bss._usbd_queued_setup
                0x0000000020001b7a        0x1 CMakeFiles/hid_composite.dir/home/tarek/pico-sdk/lib/tinyusb/src/device/usbd.c.o
 .bss.boot2_copyout_valid
                0x0000000020001b7b        0x1 CMakeFiles/hid_composite.dir/home/tarek/pico-sdk/src/rp2_common/hardware_flash/flash.c.o
 .bss.irq_handler_chain_free_slot_head
                0x0000000020001b7c        0x1 CMakeFiles/hid_composite.dir/home/tarek/pico-sdk/src/rp2_common/hardware_irq/irq.c.o
 .bss.led_state.0
                0x0000000020001b7d        0x1 CMakeFiles/hid_composite.dir/src/main.c.o
 .bss.reports_sent
                0x0000000020001b7e        0x1 CMakeFiles/hid_composite.dir/src/main.c.o
 *(COMMON)
                0x0000000020001b80                . = ALIGN (0x4)
 *fill*         0x0000000020001b7f        0x1 
                0x0000000020001b80                __bss_end__ = .

.heap           0x0000000020001b80      0x800 load address 0x000000001000754c
                0x0000000020001b80                __end__ = .
                0x0000000020001b80                end = __end__
 *(.heap*)
 .heap          0x0000000020001b80      0x800 CMakeFiles/hid_composite.dir/home/tarek/pico-sdk/src/rp2_common/pico_crt0/crt0.S.o
                0x0000000020040000                __HeapLimit = (ORIGIN (RAM) + LENGTH (RAM))

.scratch_x      0x0000000020040000        0x0 load address 0x000000001000754c
                0x0000000020040000                __scratch_x_start__ = .
 *(.scratch_x.*)
                0x0000000020040000                . = ALIGN (0x4)
                0x0000000020040000                __scratch_x_end__ = .
                0x000000001000754c                __scratch_x_source__ = LOADADDR (.scratch_x)

.scratch_y      0x0000000020041000        0x0 load address 0x000000001000754c
                0x0000000020041000                __scratch_y_start__ = .
 *(.scratch_y.*)
                0x0000000020041000                . = ALIGN (0x4)
                0x0000000020041000                __scratch_y_end__ = .
                0x000000001000754c                __scratch_y_source__ = LOADADDR (.scratch_y)

.stack1_dummy   0x0000000020040000        0x0
 *(.stack1*)

.stack_dummy    0x0000000020041000      0x800
 *(.stack*)
 .stack         0x0000000020041000      0x800 CMakeFiles/hid_composite.dir/home/tarek/pico-sdk/src/rp2_common/pico_crt0/crt0.S.o

.flash_end      0x000000001000754c        0x0
 *(.embedded_end_block*)
                0x000000001000754c                PROVIDE (__flash_binary_end = .)
                0x0000000020040000                __StackLimit = (ORIGIN (RAM) + LENGTH (RAM))
                0x0000000020041000                __StackOneTop = (ORIGIN (SCRATCH_X) + LENGTH (SCRATCH_X))
                0x0000000020042000                __StackTop = (ORIGIN (SCRATCH_Y) + LENGTH (SCRATCH_Y))
                0x0000000020041000                __StackOneBottom = (__StackOneTop - SIZEOF (.stack1_dummy))
                0x0000000020041800                __StackBottom = (__StackTop - SIZEOF (.stack_dummy))
                0x0000000020042000                PROVIDE (__stack = __StackTop)
                [!provide]                        PROVIDE (__heap_start = __end__)
                [!provide]                        PROVIDE (__heap_end = __HeapLimit)
                [!provide]                        PROVIDE (__tls_align = MAX (ALIGNOF (.tdata), ALIGNOF (.tbss)))
                [!provide]                        PROVIDE (__tls_size_align = (((__tls_size + __tls_align) - 0x1) & ~ ((__tls_align - 0x1))))
                [!provide]                        PROVIDE (__arm32_tls_tcb_offset = MAX (0x8, __tls_align))
                [!provide]                        PROVIDE (_end = __end__)
                [!provide]                        PROVIDE (__llvm_libc_heap_limit = __HeapLimit)
                0x0000000000000001                ASSERT ((__StackLimit >= __HeapLimit), region RAM overflowed)
                0x0000000000000001                ASSERT (((__binary_info_header_end - __logical_binary_start) <= 0x100), Binary info must be in first 256 bytes of the binary)
LOAD CMakeFiles/hid_composite.dir/src/main.c.o
LOAD CMakeFiles/hid_composite.dir/src/usb_descriptors.c.o
LOAD CMakeFiles/hid_composite.dir/home/tarek/pico-sdk/src/rp2_common/pico_stdlib/stdlib.c.o
LOAD CMakeFiles/hid_composite.dir/home/tarek/pico-sdk/src/rp2_common/hardware_gpio/gpio.c.o
LOAD CMakeFiles/hid_composite.dir/home/tarek/pico-sdk/src/rp2040/pico_platform/platform.c.o
LOAD CMakeFiles/hid_composite.dir/home/tarek/pico-sdk/src/rp2_common/pico_platform_panic/panic.c.o
LOAD CMakeFiles/hid_composite.dir/home/tarek/pico-sdk/src/common/hardware_claim/claim.c.o
LOAD CMakeFiles/hid_composite.dir/home/tarek/pico-sdk/src/rp2_common/hardware_sync/sync.c.o
LOAD CMakeFiles/hid_composite.dir/home/tarek/pico-sdk/src/rp2_common/hardware_sync_spin_lock/sync_spin_lock.c.o
LOAD CMakeFiles/hid_composite.dir/home/tarek/pico-sdk/src/rp2_common/hardware_irq/irq.c.o
LOAD CMakeFiles/hid_composite.dir/home/tarek/pico-sdk/src/rp2_common/hardware_irq/irq_handler_chain.S.o
LOAD CMakeFiles/hid_composite.dir/home/tarek/pico-sdk/src/common/pico_sync/sem.c.o
LOAD CMakeFiles/hid_composite.dir/home/tarek/pico-sdk/src/common/pico_sync/lock_core.c.o
LOAD CMakeFiles/hid_composite.dir/home/tarek/pico-sdk/src/common/pico_sync/mutex.c.o
LOAD CMakeFiles/hid_composite.dir/home/tarek/pico-sdk/src/common/pico_sync/critical_section.c.o
LOAD CMakeFiles/hid_composite.dir/home/tarek/pico-sdk/src/common/pico_time/time.c.o
LOAD CMakeFiles/hid_composite.dir/home/tarek/pico-sdk/src/common/pico_time/timeout_helper.c.o
LOAD CMakeFiles/hid_composite.dir/home/tarek/pico-sdk/src/rp2_common/hardware_timer/timer.c.o
LOAD CMakeFiles/hid_composite.dir/home/tarek/pico-sdk/src/common/pico_util/datetime.c.o
LOAD CMakeFiles/hid_composite.dir/home/tarek/pico-sdk/src/common/pico_util/pheap.c.o
LOAD CMakeFiles/hid_composite.dir/home/tarek/pico-sdk/src/common/pico_util/queue.c.o
LOAD CMakeFiles/hid_composite.dir/home/tarek/pico-sdk/src/rp2_common/hardware_uart/uart.c.o
LOAD CMakeFiles/hid_composite.dir/home/tarek/pico-sdk/src/rp2_common/hardware_clocks/clocks.c.o
LOAD CMakeFiles/hid_composite.dir/home/tarek/pico-sdk/src/rp2_common/hardware_pll/pll.c.o
LOAD CMakeFiles/hid_composite.dir/home/tarek/pico-sdk/src/rp2_common/hardware_vreg/vreg.c.o
LOAD CMakeFiles/hid_composite.dir/home/tarek/pico-sdk/src/rp2_common/hardware_watchdog/watchdog.c.o
LOAD CMakeFiles/hid_composite.dir/home/tarek/pico-sdk/src/rp2_common/hardware_ticks/ticks.c.o
LOAD CMakeFiles/hid_composite.dir/home/tarek/pico-sdk/src/rp2_common/pico_bootrom/bootrom.c.o
LOAD CMakeFiles/hid_composite.dir/home/tarek/pico-sdk/src/rp2_common/pico_bootrom/bootrom_lock.c.o
LOAD CMakeFiles/hid_composite.dir/home/tarek/pico-sdk/src/rp2_common/hardware_boot_lock/boot_lock.c.o
LOAD CMakeFiles/hid_composite.dir/home/tarek/pico-sdk/src/rp2_common/pico_flash/flash.c.o
LOAD CMakeFiles/hid_composite.dir/home/tarek/pico-sdk/src/rp2_common/hardware_xosc/xosc.c.o
LOAD CMakeFiles/hid_composite.dir/home/tarek/pico-sdk/src/rp2_common/hardware_divider/divider.S.o
LOAD CMakeFiles/hid_composite.dir/home/tarek/pico-sdk/src/rp2_common/pico_runtime/runtime.c.o
LOAD CMakeFiles/hid_composite.dir/home/tarek/pico-sdk/src/rp2_common/pico_runtime_init/runtime_init.c.o
LOAD CMakeFiles/hid_composite.dir/home/tarek/pico-sdk/src/rp2_common/pico_runtime_init/runtime_init_clocks.c.o
LOAD CMakeFiles/hid_composite.dir/home/tarek/pico-sdk/src/rp2_common/pico_runtime_init/runtime_init_stack_guard.c.o
LOAD CMakeFiles/hid_composite.dir/home/tarek/pico-sdk/src/rp2_common/pico_bit_ops/bit_ops_aeabi.S.o
LOAD CMakeFiles/hid_composite.dir/home/tarek/pico-sdk/src/rp2_common/pico_divider/divider_hardware.S.o
LOAD CMakeFiles/hid_composite.dir/home/tarek/pico-sdk/src/rp2_common/pico_double/double_aeabi_rp2040.S.o
LOAD CMakeFiles/hid_composite.dir/home/tarek/pico-sdk/src/rp2_common/pico_double/double_init_rom_rp2040.c.o
LOAD CMakeFiles/hid_composite.dir/home/tarek/pico-sdk/src/rp2_common/pico_double/double_math.c.o
LOAD CMakeFiles/hid_composite.dir/home/tarek/pico-sdk/src/rp2_common/pico_double/double_v1_rom_shim_rp2040.S.o
LOAD CMakeFiles/hid_composite.dir/home/tarek/pico-sdk/src/rp2_common/pico_int64_ops/pico_int64_ops_aeabi.S.o
LOAD CMakeFiles/hid_composite.dir/home/tarek/pico-sdk/src/rp2_common/pico_float/float_aeabi_rp2040.S.o
LOAD CMakeFiles/hid_composite.dir/home/tarek/pico-sdk/src/rp2_common/pico_float/float_init_rom_rp2040.c.o
LOAD CMakeFiles/hid_composite.dir/home/tarek/pico-sdk/src/rp2_common/pico_float/float_math.c.o
LOAD CMakeFiles/hid_composite.dir/home/tarek/pico-sdk/src/rp2_common/pico_float/float_v1_rom_shim_rp2040.S.o
LOAD CMakeFiles/hid_composite.dir/home/tarek/pico-sdk/src/rp2_common/pico_malloc/malloc.c.o
LOAD CMakeFiles/hid_composite.dir/home/tarek/pico-sdk/src/rp2_common/pico_mem_ops/mem_ops_aeabi.S.o
LOAD CMakeFiles/hid_composite.dir/home/tarek/pico-sdk/src/rp2_common/pico_atomic/atomic.c.o
LOAD CMakeFiles/hid_composite.dir/home/tarek/pico-sdk/src/rp2_common/pico_cxx_options/new_delete.cpp.o
LOAD CMakeFiles/hid_composite.dir/home/tarek/pico-sdk/src/rp2_common/pico_standard_binary_info/standard_binary_info.c.o
LOAD CMakeFiles/hid_composite.dir/home/tarek/pico-sdk/src/rp2_common/pico_printf/printf.c.o
LOAD CMakeFiles/hid_composite.dir/home/tarek/pico-sdk/src/rp2_common/pico_crt0/crt0.S.o
LOAD CMakeFiles/hid_composite.dir/home/tarek/pico-sdk/src/rp2_common/pico_clib_interface/newlib_interface.c.o
LOAD CMakeFiles/hid_composite.dir/home/tarek/pico-sdk/src/rp2_common/pico_stdio/stdio.c.o
LOAD CMakeFiles/hid_composite.dir/home/tarek/pico-sdk/src/rp2_common/pico_stdio_uart/stdio_uart.c.o
LOAD CMakeFiles/hid_composite.dir/home/tarek/pico-sdk/lib/tinyusb/src/portable/raspberrypi/rp2040/dcd_rp2040.c.o
LOAD CMakeFiles/hid_composite.dir/home/tarek/pico-sdk/lib/tinyusb/src/portable/raspberrypi/rp2040/rp2040_usb.c.o
LOAD CMakeFiles/hid_composite.dir/home/tarek/pico-sdk/lib/tinyusb/src/device/usbd.c.o
LOAD CMakeFiles/hid_composite.dir/home/tarek/pico-sdk/lib/tinyusb/src/device/usbd_control.c.o
LOAD CMakeFiles/hid_composite.dir/home/tarek/pico-sdk/lib/tinyusb/src/class/audio/audio_device.c.o
LOAD CMakeFiles/hid_composite.dir/home/tarek/pico-sdk/lib/tinyusb/src/class/cdc/cdc_device.c.o
LOAD CMakeFiles/hid_composite.dir/home/tarek/pico-sdk/lib/tinyusb/src/class/dfu/dfu_device.c.o
LOAD CMakeFiles/hid_composite.dir/home/tarek/pico-sdk/lib/tinyusb/src/class/dfu/dfu_rt_device.c.o
LOAD CMakeFiles/hid_composite.dir/home/tarek/pico-sdk/lib/tinyusb/src/class/hid/hid_device.c.o
LOAD CMakeFiles/hid_composite.dir/home/tarek/pico-sdk/lib/tinyusb/src/class/midi/midi_device.c.o
LOAD CMakeFiles/hid_composite.dir/home/tarek/pico-sdk/lib/tinyusb/src/class/msc/msc_device.c.o
LOAD CMakeFiles/hid_composite.dir/home/tarek/pico-sdk/lib/tinyusb/src/class/net/ecm_rndis_device.c.o
LOAD CMakeFiles/hid_composite.dir/home/tarek/pico-sdk/lib/tinyusb/src/class/net/ncm_device.c.o
LOAD CMakeFiles/hid_composite.dir/home/tarek/pico-sdk/lib/tinyusb/src/class/usbtmc/usbtmc_device.c.o
LOAD CMakeFiles/hid_composite.dir/home/tarek/pico-sdk/lib/tinyusb/src/class/vendor/vendor_device.c.o
LOAD CMakeFiles/hid_composite.dir/home/tarek/pico-sdk/lib/tinyusb/src/class/video/video_device.c.o
LOAD CMakeFiles/hid_composite.dir/home/tarek/pico-sdk/lib/tinyusb/src/tusb.c.o
LOAD CMakeFiles/hid_composite.dir/home/tarek/pico-sdk/lib/tinyusb/src/common/tusb_fifo.c.o
LOAD CMakeFiles/hid_composite.dir/home/tarek/pico-sdk/src/rp2_common/pico_fix/rp2040_usb_device_enumeration/rp2040_usb_device_enumeration.c.o
LOAD CMakeFiles/hid_composite.dir/home/tarek/pico-sdk/lib/tinyusb/hw/bsp/rp2040/family.c.o
LOAD CMakeFiles/hid_composite.dir/home/tarek/pico-sdk/src/rp2_common/pico_unique_id/unique_id.c.o
LOAD CMakeFiles/hid_composite.dir/home/tarek/pico-sdk/src/rp2_common/hardware_flash/flash.c.o
LOAD CMakeFiles/hid_composite.dir/home/tarek/pico-sdk/src/rp2_common/hardware_xip_cache/xip_cache.c.o
LOAD pico-sdk/src/rp2040/boot_stage2/CMakeFiles/bs2_default_library.dir/bs2_default_padded_checksummed.S.o
LOAD /usr/lib/gcc/arm-none-eabi/10.3.1/../../../arm-none-eabi/lib/thumb/v6-m/nofp/libstdc++.a
LOAD /usr/lib/gcc/arm-none-eabi/10.3.1/../../../arm-none-eabi/lib/thumb/v6-m/nofp/libm.a
START GROUP
LOAD /usr/lib/gcc/arm-none-eabi/10.3.1/thumb/v6-m/nofp/libgcc.a
LOAD /usr/lib/gcc/arm-none-eabi/10.3.1/../../../arm-none-eabi/lib/thumb/v6-m/nofp/libg.a
LOAD /usr/lib/gcc/arm-none-eabi/10.3.1/../../../arm-none-eabi/lib/thumb/v6-m/nofp/libc.a
END GROUP
START GROUP
LOAD /usr/lib/gcc/arm-none-eabi/10.3.1/thumb/v6-m/nofp/libgcc.a
LOAD /usr/lib/gcc/arm-none-eabi/10.3.1/../../../arm-none-eabi/lib/thumb/v6-m/nofp/libc.a
LOAD /usr/lib/gcc/arm-none-eabi/10.3.1/../../../arm-none-eabi/lib/thumb/v6-m/nofp/libnosys.a
END GROUP
LOAD /usr/lib/gcc/arm-none-eabi/10.3.1/thumb/v6-m/nofp/crtend.o
LOAD /usr/lib/gcc/arm-none-eabi/10.3.1/thumb/v6-m/nofp/crtn.o
OUTPUT(hid_composite.elf elf32-littlearm)
LOAD linker stubs

.ARM.attributes
                0x0000000000000000       0x28
 .ARM.attributes
                0x0000000000000000       0x1e /usr/lib/gcc/arm-none-eabi/10.3.1/thumb/v6-m/nofp/crti.o
 .ARM.attributes
                0x000000000000001e       0x2c /usr/lib/gcc/arm-none-eabi/10.3.1/thumb/v6-m/nofp/crtbegin.o
 .ARM.attributes
                0x000000000000004a       0x2c CMakeFiles/hid_composite.dir/src/main.c.o
 .ARM.attributes
                0x0000000000000076       0x2c CMakeFiles/hid_composite.dir/src/usb_descriptors.c.o
 .ARM.attributes
                0x00000000000000a2       0x2c CMakeFiles/hid_composite.dir/home/tarek/pico-sdk/src/rp2_common/hardware_gpio/gpio.c.o
 .ARM.attributes
                0x00000000000000ce       0x2c CMakeFiles/hid_composite.dir/home/tarek/pico-sdk/src/rp2040/pico_platform/platform.c.o
 .ARM.attributes
                0x00000000000000fa       0x2c CMakeFiles/hid_composite.dir/home/tarek/pico-sdk/src/rp2_common/pico_platform_panic/panic.c.o
 .ARM.attributes
                0x0000000000000126       0x2c CMakeFiles/hid_composite.dir/home/tarek/pico-sdk/src/common/hardware_claim/claim.c.o
 .ARM.attributes
                0x0000000000000152       0x2c CMakeFiles/hid_composite.dir/home/tarek/pico-sdk/src/rp2_common/hardware_sync/sync.c.o
 .ARM.attributes
                0x000000000000017e       0x2c CMakeFiles/hid_composite.dir/home/tarek/pico-sdk/src/rp2_common/hardware_sync_spin_lock/sync_spin_lock.c.o
 .ARM.attributes
                0x00000000000001aa       0x2c CMakeFiles/hid_composite.dir/home/tarek/pico-sdk/src/rp2_common/hardware_irq/irq.c.o
 .ARM.attributes
                0x00000000000001d6       0x22 CMakeFiles/hid_composite.dir/home/tarek/pico-sdk/src/rp2_common/hardware_irq/irq_handler_chain.S.o
 .ARM.attributes
                0x00000000000001f8       0x2c CMakeFiles/hid_composite.dir/home/tarek/pico-sdk/src/common/pico_sync/lock_core.c.o
 .ARM.attributes
                0x0000000000000224       0x2c CMakeFiles/hid_composite.dir/home/tarek/pico-sdk/src/common/pico_sync/mutex.c.o
 .ARM.attributes
                0x0000000000000250       0x2c CMakeFiles/hid_composite.dir/home/tarek/pico-sdk/src/common/pico_sync/critical_section.c.o
 .ARM.attributes
                0x000000000000027c       0x2c CMakeFiles/hid_composite.dir/home/tarek/pico-sdk/src/common/pico_time/time.c.o
 .ARM.attributes
                0x00000000000002a8       0x2c CMakeFiles/hid_composite.dir/home/tarek/pico-sdk/src/rp2_common/hardware_timer/timer.c.o
 .ARM.attributes
                0x00000000000002d4       0x2c CMakeFiles/hid_composite.dir/home/tarek/pico-sdk/src/rp2_common/hardware_uart/uart.c.o
 .ARM.attributes
                0x0000000000000300       0x2c CMakeFiles/hid_composite.dir/home/tarek/pico-sdk/src/rp2_common/hardware_clocks/clocks.c.o
 .ARM.attributes
                0x000000000000032c       0x2c CMakeFiles/hid_composite.dir/home/tarek/pico-sdk/src/rp2_common/hardware_pll/pll.c.o
 .ARM.attributes
                0x0000000000000358       0x2c CMakeFiles/hid_composite.dir/home/tarek/pico-sdk/src/rp2_common/hardware_ticks/ticks.c.o
 .ARM.attributes
                0x0000000000000384       0x2c CMakeFiles/hid_composite.dir/home/tarek/pico-sdk/src/rp2_common/pico_bootrom/bootrom.c.o
 .ARM.attributes
                0x00000000000003b0       0x2c CMakeFiles/hid_composite.dir/home/tarek/pico-sdk/src/rp2_common/hardware_xosc/xosc.c.o
 .ARM.attributes
                0x00000000000003dc       0x2c CMakeFiles/hid_composite.dir/home/tarek/pico-sdk/src/rp2_common/pico_runtime/runtime.c.o
 .ARM.attributes
                0x0000000000000408       0x2c CMakeFiles/hid_composite.dir/home/tarek/pico-sdk/src/rp2_common/pico_runtime_init/runtime_init.c.o
 .ARM.attributes
                0x0000000000000434       0x2c CMakeFiles/hid_composite.dir/home/tarek/pico-sdk/src/rp2_common/pico_runtime_init/runtime_init_clocks.c.o
 .ARM.attributes
                0x0000000000000460       0x22 CMakeFiles/hid_composite.dir/home/tarek/pico-sdk/src/rp2_common/pico_bit_ops/bit_ops_aeabi.S.o
 .ARM.attributes
                0x0000000000000482       0x22 CMakeFiles/hid_composite.dir/home/tarek/pico-sdk/src/rp2_common/pico_divider/divider_hardware.S.o
 .ARM.attributes
                0x00000000000004a4       0x22 CMakeFiles/hid_composite.dir/home/tarek/pico-sdk/src/rp2_common/pico_double/double_aeabi_rp2040.S.o
 .ARM.attributes
                0x00000000000004c6       0x2c CMakeFiles/hid_composite.dir/home/tarek/pico-sdk/src/rp2_common/pico_double/double_init_rom_rp2040.c.o
 .ARM.attributes
                0x00000000000004f2       0x22 CMakeFiles/hid_composite.dir/home/tarek/pico-sdk/src/rp2_common/pico_double/double_v1_rom_shim_rp2040.S.o